Archive member included to satisfy reference by file (symbol)

c:/vsarm/armcc/102021~1.10/bin/../lib/gcc/arm-none-eabi/10.3.1/thumb/v6-m/nofp\libgcc.a(_dvmd_tls.o)
                              CMakeFiles/rp2040-freertos-template.dir/C_/VSARM/sdk/pico/pico-sdk/src/rp2_common/pico_divider/divider_hardware.S.obj (__aeabi_idiv0)
c:/vsarm/armcc/102021~1.10/bin/../lib/gcc/arm-none-eabi/10.3.1/../../../../arm-none-eabi/lib/thumb/v6-m/nofp\libg.a(lib_a-calloc.o)
                              CMakeFiles/rp2040-freertos-template.dir/C_/VSARM/sdk/pico/pico-sdk/src/rp2_common/pico_malloc/malloc.c.obj (calloc)
c:/vsarm/armcc/102021~1.10/bin/../lib/gcc/arm-none-eabi/10.3.1/../../../../arm-none-eabi/lib/thumb/v6-m/nofp\libg.a(lib_a-callocr.o)
                              c:/vsarm/armcc/102021~1.10/bin/../lib/gcc/arm-none-eabi/10.3.1/../../../../arm-none-eabi/lib/thumb/v6-m/nofp\libg.a(lib_a-calloc.o) (_calloc_r)
c:/vsarm/armcc/102021~1.10/bin/../lib/gcc/arm-none-eabi/10.3.1/../../../../arm-none-eabi/lib/thumb/v6-m/nofp\libg.a(lib_a-errno.o)
                              c:/vsarm/armcc/102021~1.10/bin/../lib/gcc/arm-none-eabi/10.3.1/../../../../arm-none-eabi/lib/thumb/v6-m/nofp\libg.a(lib_a-callocr.o) (__errno)
c:/vsarm/armcc/102021~1.10/bin/../lib/gcc/arm-none-eabi/10.3.1/../../../../arm-none-eabi/lib/thumb/v6-m/nofp\libg.a(lib_a-impure.o)
                              c:/vsarm/armcc/102021~1.10/bin/../lib/gcc/arm-none-eabi/10.3.1/../../../../arm-none-eabi/lib/thumb/v6-m/nofp\libg.a(lib_a-calloc.o) (_impure_ptr)
c:/vsarm/armcc/102021~1.10/bin/../lib/gcc/arm-none-eabi/10.3.1/../../../../arm-none-eabi/lib/thumb/v6-m/nofp\libg.a(lib_a-init.o)
                              c:/vsarm/armcc/102021~1.10/bin/../lib/gcc/arm-none-eabi/10.3.1/../../../../arm-none-eabi/lib/thumb/v6-m/nofp/crt0.o (__libc_init_array)
c:/vsarm/armcc/102021~1.10/bin/../lib/gcc/arm-none-eabi/10.3.1/../../../../arm-none-eabi/lib/thumb/v6-m/nofp\libg.a(lib_a-lcltime_r.o)
                              CMakeFiles/rp2040-freertos-template.dir/C_/VSARM/sdk/pico/pico-sdk/src/common/pico_util/datetime.c.obj (localtime_r)
c:/vsarm/armcc/102021~1.10/bin/../lib/gcc/arm-none-eabi/10.3.1/../../../../arm-none-eabi/lib/thumb/v6-m/nofp\libg.a(lib_a-malloc.o)
                              CMakeFiles/rp2040-freertos-template.dir/C_/VSARM/sdk/pico/pico-sdk/src/rp2_common/pico_malloc/malloc.c.obj (malloc)
c:/vsarm/armcc/102021~1.10/bin/../lib/gcc/arm-none-eabi/10.3.1/../../../../arm-none-eabi/lib/thumb/v6-m/nofp\libg.a(lib_a-mallocr.o)
                              c:/vsarm/armcc/102021~1.10/bin/../lib/gcc/arm-none-eabi/10.3.1/../../../../arm-none-eabi/lib/thumb/v6-m/nofp\libg.a(lib_a-callocr.o) (_malloc_r)
c:/vsarm/armcc/102021~1.10/bin/../lib/gcc/arm-none-eabi/10.3.1/../../../../arm-none-eabi/lib/thumb/v6-m/nofp\libg.a(lib_a-memcmp.o)
                              CMakeFiles/rp2040-freertos-template.dir/C_/VSARM/sdk/pico/pico-sdk/src/rp2_common/pico_atomic/atomic.c.obj (memcmp)
c:/vsarm/armcc/102021~1.10/bin/../lib/gcc/arm-none-eabi/10.3.1/../../../../arm-none-eabi/lib/thumb/v6-m/nofp\libg.a(lib_a-mktime.o)
                              CMakeFiles/rp2040-freertos-template.dir/C_/VSARM/sdk/pico/pico-sdk/src/common/pico_util/datetime.c.obj (mktime)
c:/vsarm/armcc/102021~1.10/bin/../lib/gcc/arm-none-eabi/10.3.1/../../../../arm-none-eabi/lib/thumb/v6-m/nofp\libg.a(lib_a-mlock.o)
                              c:/vsarm/armcc/102021~1.10/bin/../lib/gcc/arm-none-eabi/10.3.1/../../../../arm-none-eabi/lib/thumb/v6-m/nofp\libg.a(lib_a-mallocr.o) (__malloc_lock)
c:/vsarm/armcc/102021~1.10/bin/../lib/gcc/arm-none-eabi/10.3.1/../../../../arm-none-eabi/lib/thumb/v6-m/nofp\libg.a(lib_a-month_lengths.o)
                              c:/vsarm/armcc/102021~1.10/bin/../lib/gcc/arm-none-eabi/10.3.1/../../../../arm-none-eabi/lib/thumb/v6-m/nofp\libg.a(lib_a-lcltime_r.o) (__month_lengths)
c:/vsarm/armcc/102021~1.10/bin/../lib/gcc/arm-none-eabi/10.3.1/../../../../arm-none-eabi/lib/thumb/v6-m/nofp\libg.a(lib_a-realloc.o)
                              CMakeFiles/rp2040-freertos-template.dir/C_/VSARM/sdk/pico/pico-sdk/src/rp2_common/pico_malloc/malloc.c.obj (realloc)
c:/vsarm/armcc/102021~1.10/bin/../lib/gcc/arm-none-eabi/10.3.1/../../../../arm-none-eabi/lib/thumb/v6-m/nofp\libg.a(lib_a-reallocr.o)
                              c:/vsarm/armcc/102021~1.10/bin/../lib/gcc/arm-none-eabi/10.3.1/../../../../arm-none-eabi/lib/thumb/v6-m/nofp\libg.a(lib_a-realloc.o) (_realloc_r)
c:/vsarm/armcc/102021~1.10/bin/../lib/gcc/arm-none-eabi/10.3.1/../../../../arm-none-eabi/lib/thumb/v6-m/nofp\libg.a(lib_a-sbrkr.o)
                              c:/vsarm/armcc/102021~1.10/bin/../lib/gcc/arm-none-eabi/10.3.1/../../../../arm-none-eabi/lib/thumb/v6-m/nofp\libg.a(lib_a-mallocr.o) (_sbrk_r)
c:/vsarm/armcc/102021~1.10/bin/../lib/gcc/arm-none-eabi/10.3.1/../../../../arm-none-eabi/lib/thumb/v6-m/nofp\libg.a(lib_a-strlen-stub.o)
[...]
Memory Configuration

Name             Origin             Length             Attributes
FLASH            0x10000000         0x00200000         xr
RAM              0x20000000         0x00040000         xrw
SCRATCH_X        0x20040000         0x00001000         xrw
SCRATCH_Y        0x20041000         0x00001000         xrw
*default*        0x00000000         0xffffffff

Linker script and memory map

LOAD c:/vsarm/armcc/102021~1.10/bin/../lib/gcc/arm-none-eabi/10.3.1/thumb/v6-m/nofp/crti.o
LOAD c:/vsarm/armcc/102021~1.10/bin/../lib/gcc/arm-none-eabi/10.3.1/thumb/v6-m/nofp/crtbegin.o
LOAD c:/vsarm/armcc/102021~1.10/bin/../lib/gcc/arm-none-eabi/10.3.1/../../../../arm-none-eabi/lib/thumb/v6-m/nofp/crt0.o

.flash_begin    0x10000000        0x0
                0x10000000                __flash_binary_start = .

.boot2          0x10000000      0x100
                0x10000000                __boot2_start__ = .
 *(.boot2)
 .boot2         0x10000000      0x100 C:\Users\hassa\AppData\Local\Temp\ccAJRzDJ.o
                0x10000100                __boot2_end__ = .
                0x00000001                ASSERT (((__boot2_end__ - __boot2_start__) == 0x100), ERROR: Pico second stage bootloader must be 256 bytes in size)

.text           0x10000100     0x64c4
                0x10000100                __logical_binary_start = .
 *(.vectors)
 .vectors       0x10000100       0xd4 CMakeFiles/rp2040-freertos-template.dir/C_/VSARM/sdk/pico/pico-sdk/src/rp2_common/pico_crt0/crt0.S.obj
                0x10000100                __VECTOR_TABLE
                0x10000100                __vectors
                0x100001c0                isr_invalid
                0x100001c0                __default_isrs_start
                0x100001c2                isr_nmi
                0x100001c4                isr_hardfault
                0x100001c6                isr_svcall
                0x100001c8                isr_pendsv
                0x100001ca                isr_systick
                0x100001cc                isr_irq23
                0x100001cc                isr_irq18
                0x100001cc                isr_irq11
                0x100001cc                isr_irq28
                0x100001cc                isr_irq19
                0x100001cc                isr_irq0
                0x100001cc                isr_irq6
                0x100001cc                isr_irq5
                0x100001cc                isr_irq12
                0x100001cc                isr_irq22
                0x100001cc                isr_irq31
                0x100001cc                isr_irq17
                0x100001cc                isr_irq27
                0x100001cc                isr_irq30
                0x100001cc                isr_irq2
                0x100001cc                isr_irq10
                0x100001cc                isr_irq8
                0x100001cc                isr_irq24
                0x100001cc                isr_irq1
                0x100001cc                isr_irq7
                0x100001cc                isr_irq21
                0x100001cc                isr_irq20
                0x100001cc                isr_irq15
                0x100001cc                isr_irq25
                0x100001cc                isr_irq13
                0x100001cc                __unhandled_user_irq
                0x100001cc                isr_irq4
                0x100001cc                isr_irq16
                0x100001cc                isr_irq29
                0x100001cc                isr_irq26
                0x100001cc                __default_isrs_end
                0x100001cc                isr_irq3
                0x100001cc                isr_irq14
                0x100001cc                isr_irq9
                0x100001d2                unhandled_user_irq_num_in_r0
 *(.binary_info_header)
 .binary_info_header
                0x100001d4       0x14 CMakeFiles/rp2040-freertos-template.dir/C_/VSARM/sdk/pico/pico-sdk/src/rp2_common/pico_crt0/crt0.S.obj
                0x100001e8                __binary_info_header_end = .
 *(.embedded_block)
                0x100001e8                __embedded_block_end = .
 *(.reset)
 .reset         0x100001e8       0x9c CMakeFiles/rp2040-freertos-template.dir/C_/VSARM/sdk/pico/pico-sdk/src/rp2_common/pico_crt0/crt0.S.obj
                0x100001e8                _entry_point
 *(.init)
 .init          0x10000284        0x4 c:/vsarm/armcc/102021~1.10/bin/../lib/gcc/arm-none-eabi/10.3.1/thumb/v6-m/nofp/crti.o
                0x10000284                _init
 *(EXCLUDE_FILE(*libm.a: *libc.a:*lib_a-mem*.o *libgcc.a:) .text*)
 .text          0x10000288       0x48 c:/vsarm/armcc/102021~1.10/bin/../lib/gcc/arm-none-eabi/10.3.1/thumb/v6-m/nofp/crtbegin.o
 .text.motionTask
                0x100002d0       0x3c CMakeFiles/rp2040-freertos-template.dir/main.c.obj
                0x100002d0                motionTask
 .text.buttonTask
                0x1000030c       0x2a CMakeFiles/rp2040-freertos-template.dir/main.c.obj
                0x1000030c                buttonTask
 .text.lightTask
                0x10000336       0x26 CMakeFiles/rp2040-freertos-template.dir/main.c.obj
                0x10000336                lightTask
 .text.main     0x1000035c       0x90 CMakeFiles/rp2040-freertos-template.dir/main.c.obj
                0x1000035c                main
 .text.led_init
                0x100003ec       0x16 CMakeFiles/rp2040-freertos-template.dir/led.c.obj
                0x100003ec                led_init
 .text.led_on   0x10000402        0xc CMakeFiles/rp2040-freertos-template.dir/led.c.obj
                0x10000402                led_on
 .text.led_off  0x1000040e        0xc CMakeFiles/rp2040-freertos-template.dir/led.c.obj
                0x1000040e                led_off
 *fill*         0x1000041a        0x2 
 .text.lcd_pulse_enable
                0x1000041c       0x30 CMakeFiles/rp2040-freertos-template.dir/lcd.c.obj
 .text.lcd_send_nibble
                0x1000044c       0x38 CMakeFiles/rp2040-freertos-template.dir/lcd.c.obj
 .text.lcd_send_byte
                0x10000484       0x34 CMakeFiles/rp2040-freertos-template.dir/lcd.c.obj
 .text.lcd_clear
                0x100004b8       0x12 CMakeFiles/rp2040-freertos-template.dir/lcd.c.obj
                0x100004b8                lcd_clear
 *fill*         0x100004ca        0x2 
 .text.lcd_init
                0x100004cc       0xb8 CMakeFiles/rp2040-freertos-template.dir/lcd.c.obj
                0x100004cc                lcd_init
 .text.lcd_set_cursor
                0x10000584       0x1e CMakeFiles/rp2040-freertos-template.dir/lcd.c.obj
                0x10000584                lcd_set_cursor
 .text.lcd_write_char
                0x100005a2        0xa CMakeFiles/rp2040-freertos-template.dir/lcd.c.obj
                0x100005a2                lcd_write_char
 .text.lcd_print
                0x100005ac       0x14 CMakeFiles/rp2040-freertos-template.dir/lcd.c.obj
                0x100005ac                lcd_print
 .text.light_sensor_init
                0x100005c0       0x3c CMakeFiles/rp2040-freertos-template.dir/light_sensor.c.obj
                0x100005c0                light_sensor_init
 .text.light_sensor_read
                0x100005fc       0x3c CMakeFiles/rp2040-freertos-template.dir/light_sensor.c.obj
                0x100005fc                light_sensor_read
 .text.motion_sensor_init
                0x10000638       0x1c CMakeFiles/rp2040-freertos-template.dir/motion_sensor.c.obj
                0x10000638                motion_sensor_init
 .text.motion_sensor_detected
                0x10000654       0x1c CMakeFiles/rp2040-freertos-template.dir/motion_sensor.c.obj
                0x10000654                motion_sensor_detected
 .text.buzzer_set_frequency
                0x10000670       0x78 CMakeFiles/rp2040-freertos-template.dir/buzzer.c.obj
                0x10000670                buzzer_set_frequency
 .text.buzzer_on
                0x100006e8       0x2c CMakeFiles/rp2040-freertos-template.dir/buzzer.c.obj
                0x100006e8                buzzer_on
 .text.buzzer_off
                0x10000714       0x2c CMakeFiles/rp2040-freertos-template.dir/buzzer.c.obj
                0x10000714                buzzer_off
 .text.buzzer_init
                0x10000740       0x40 CMakeFiles/rp2040-freertos-template.dir/buzzer.c.obj
                0x10000740                buzzer_init
 .text.button_init
                0x10000780       0x24 CMakeFiles/rp2040-freertos-template.dir/button.c.obj
                0x10000780                button_init
 .text.button_is_pressed
                0x100007a4       0x1c CMakeFiles/rp2040-freertos-template.dir/button.c.obj
                0x100007a4                button_is_pressed
 .text.gpio_set_function
                0x100007c0       0x34 CMakeFiles/rp2040-freertos-template.dir/C_/VSARM/sdk/pico/pico-sdk/src/rp2_common/hardware_gpio/gpio.c.obj
                0x100007c0                gpio_set_function
 .text.gpio_set_pulls
                0x100007f4       0x38 CMakeFiles/rp2040-freertos-template.dir/C_/VSARM/sdk/pico/pico-sdk/src/rp2_common/hardware_gpio/gpio.c.obj
                0x100007f4                gpio_set_pulls
 .text.gpio_set_input_enabled
                0x1000082c       0x28 CMakeFiles/rp2040-freertos-template.dir/C_/VSARM/sdk/pico/pico-sdk/src/rp2_common/hardware_gpio/gpio.c.obj
                0x1000082c                gpio_set_input_enabled
 .text.gpio_init
                0x10000854       0x16 CMakeFiles/rp2040-freertos-template.dir/C_/VSARM/sdk/pico/pico-sdk/src/rp2_common/hardware_gpio/gpio.c.obj
                0x10000854                gpio_init
 *fill*         0x1000086a        0x2 
 .text.panic    0x1000086c       0x30 CMakeFiles/rp2040-freertos-template.dir/C_/VSARM/sdk/pico/pico-sdk/src/rp2_common/pico_platform_panic/panic.c.obj
                0x1000086c                panic
 .text.panic_unsupported
                0x1000089c        0xc CMakeFiles/rp2040-freertos-template.dir/C_/VSARM/sdk/pico/pico-sdk/src/rp2_common/pico_platform_panic/panic.c.obj
                0x1000089c                panic_unsupported
 .text.hw_claim_lock
                0x100008a8       0x18 CMakeFiles/rp2040-freertos-template.dir/C_/VSARM/sdk/pico/pico-sdk/src/common/hardware_claim/claim.c.obj
                0x100008a8                hw_claim_lock
 .text.hw_claim_unlock
                0x100008c0       0x14 CMakeFiles/rp2040-freertos-template.dir/C_/VSARM/sdk/pico/pico-sdk/src/common/hardware_claim/claim.c.obj
                0x100008c0                hw_claim_unlock
 .text.hw_claim_or_assert
                0x100008d4       0x32 CMakeFiles/rp2040-freertos-template.dir/C_/VSARM/sdk/pico/pico-sdk/src/common/hardware_claim/claim.c.obj
                0x100008d4                hw_claim_or_assert
 *fill*         0x10000906        0x2 
 .text.next_striped_spin_lock_num
                0x10000908       0x1c CMakeFiles/rp2040-freertos-template.dir/C_/VSARM/sdk/pico/pico-sdk/src/rp2_common/hardware_sync/sync.c.obj
                0x10000908                next_striped_spin_lock_num
 .text.spin_locks_reset
                0x10000924       0x20 CMakeFiles/rp2040-freertos-template.dir/C_/VSARM/sdk/pico/pico-sdk/src/rp2_common/hardware_sync_spin_lock/sync_spin_lock.c.obj
                0x10000924                spin_locks_reset
 .text.set_raw_irq_handler_and_unlock
                0x10000944       0x28 CMakeFiles/rp2040-freertos-template.dir/C_/VSARM/sdk/pico/pico-sdk/src/rp2_common/hardware_irq/irq.c.obj
 .text.nvic_ipr0
                0x1000096c        0x8 CMakeFiles/rp2040-freertos-template.dir/C_/VSARM/sdk/pico/pico-sdk/src/rp2_common/hardware_irq/irq.c.obj
 .text.runtime_init_per_core_irq_priorities
                0x10000974       0x1c CMakeFiles/rp2040-freertos-template.dir/C_/VSARM/sdk/pico/pico-sdk/src/rp2_common/hardware_irq/irq.c.obj
                0x10000974                runtime_init_per_core_irq_priorities
 .text.make_j_16
                0x10000990       0x4c CMakeFiles/rp2040-freertos-template.dir/C_/VSARM/sdk/pico/pico-sdk/src/rp2_common/hardware_irq/irq.c.obj
 .text.insert_bl_32
                0x100009dc       0x40 CMakeFiles/rp2040-freertos-template.dir/C_/VSARM/sdk/pico/pico-sdk/src/rp2_common/hardware_irq/irq.c.obj
 .text.irq_is_enabled
                0x10000a1c       0x18 CMakeFiles/rp2040-freertos-template.dir/C_/VSARM/sdk/pico/pico-sdk/src/rp2_common/hardware_irq/irq.c.obj
                0x10000a1c                irq_is_enabled
 .text.irq_set_mask_n_enabled
                0x10000a34       0x1c CMakeFiles/rp2040-freertos-template.dir/C_/VSARM/sdk/pico/pico-sdk/src/rp2_common/hardware_irq/irq.c.obj
                0x10000a34                irq_set_mask_n_enabled
 .text.irq_set_enabled
                0x10000a50       0x14 CMakeFiles/rp2040-freertos-template.dir/C_/VSARM/sdk/pico/pico-sdk/src/rp2_common/hardware_irq/irq.c.obj
                0x10000a50                irq_set_enabled
 .text.irq_get_vtable_handler
                0x10000a64       0x10 CMakeFiles/rp2040-freertos-template.dir/C_/VSARM/sdk/pico/pico-sdk/src/rp2_common/hardware_irq/irq.c.obj
                0x10000a64                irq_get_vtable_handler
 .text.irq_set_exclusive_handler
                0x10000a74       0x54 CMakeFiles/rp2040-freertos-template.dir/C_/VSARM/sdk/pico/pico-sdk/src/rp2_common/hardware_irq/irq.c.obj
                0x10000a74                irq_set_exclusive_handler
 .text.irq_remove_handler
                0x10000ac8      0x1b0 CMakeFiles/rp2040-freertos-template.dir/C_/VSARM/sdk/pico/pico-sdk/src/rp2_common/hardware_irq/irq.c.obj
                0x10000ac8                irq_remove_handler
 .text.irq_set_priority
                0x10000c78       0x26 CMakeFiles/rp2040-freertos-template.dir/C_/VSARM/sdk/pico/pico-sdk/src/rp2_common/hardware_irq/irq.c.obj
                0x10000c78                irq_set_priority
 *fill*         0x10000c9e        0x2 
 .text.irq_add_tail_to_free_list
                0x10000ca0       0xf4 CMakeFiles/rp2040-freertos-template.dir/C_/VSARM/sdk/pico/pico-sdk/src/rp2_common/hardware_irq/irq.c.obj
                0x10000ca0                irq_add_tail_to_free_list
 .text.lock_init
                0x10000d94       0x10 CMakeFiles/rp2040-freertos-template.dir/C_/VSARM/sdk/pico/pico-sdk/src/common/pico_sync/lock_core.c.obj
                0x10000d94                lock_init
 .text.mutex_init
                0x10000da4       0x1c CMakeFiles/rp2040-freertos-template.dir/C_/VSARM/sdk/pico/pico-sdk/src/common/pico_sync/mutex.c.obj
                0x10000da4                mutex_init
 .text.recursive_mutex_init
                0x10000dc0       0x20 CMakeFiles/rp2040-freertos-template.dir/C_/VSARM/sdk/pico/pico-sdk/src/common/pico_sync/mutex.c.obj
                0x10000dc0                recursive_mutex_init
 .text.runtime_init_mutex
                0x10000de0       0x4c CMakeFiles/rp2040-freertos-template.dir/C_/VSARM/sdk/pico/pico-sdk/src/common/pico_sync/mutex.c.obj
                0x10000de0                runtime_init_mutex
 .text.make_alarm_id
                0x10000e2c        0x6 CMakeFiles/rp2040-freertos-template.dir/C_/VSARM/sdk/pico/pico-sdk/src/common/pico_time/time.c.obj
 *fill*         0x10000e32        0x2 
 .text.alarm_pool_irq_handler
                0x10000e34      0x2e4 CMakeFiles/rp2040-freertos-template.dir/C_/VSARM/sdk/pico/pico-sdk/src/common/pico_time/time.c.obj
 .text.alarm_pool_post_alloc_init
                0x10001118       0x94 CMakeFiles/rp2040-freertos-template.dir/C_/VSARM/sdk/pico/pico-sdk/src/common/pico_time/time.c.obj
 .text.sleep_until_callback
                0x100011ac       0x28 CMakeFiles/rp2040-freertos-template.dir/C_/VSARM/sdk/pico/pico-sdk/src/common/pico_time/time.c.obj
 .text.alarm_pool_get_default
                0x100011d4       0x2c CMakeFiles/rp2040-freertos-template.dir/C_/VSARM/sdk/pico/pico-sdk/src/common/pico_time/time.c.obj
                0x100011d4                alarm_pool_get_default
 .text.alarm_pool_add_alarm_at_force_in_context
                0x10001200       0xb0 CMakeFiles/rp2040-freertos-template.dir/C_/VSARM/sdk/pico/pico-sdk/src/common/pico_time/time.c.obj
                0x10001200                alarm_pool_add_alarm_at_force_in_context
 .text.alarm_pool_add_alarm_at
                0x100012b0       0x3c CMakeFiles/rp2040-freertos-template.dir/C_/VSARM/sdk/pico/pico-sdk/src/common/pico_time/time.c.obj
                0x100012b0                alarm_pool_add_alarm_at
 .text.alarm_pool_cancel_alarm
                0x100012ec       0x78 CMakeFiles/rp2040-freertos-template.dir/C_/VSARM/sdk/pico/pico-sdk/src/common/pico_time/time.c.obj
                0x100012ec                alarm_pool_cancel_alarm
 .text.sleep_until
                0x10001364       0xbc CMakeFiles/rp2040-freertos-template.dir/C_/VSARM/sdk/pico/pico-sdk/src/common/pico_time/time.c.obj
                0x10001364                sleep_until
 .text.sleep_us
                0x10001420       0x24 CMakeFiles/rp2040-freertos-template.dir/C_/VSARM/sdk/pico/pico-sdk/src/common/pico_time/time.c.obj
                0x10001420                sleep_us
 .text.sleep_ms
                0x10001444       0x14 CMakeFiles/rp2040-freertos-template.dir/C_/VSARM/sdk/pico/pico-sdk/src/common/pico_time/time.c.obj
                0x10001444                sleep_ms
 .text.best_effort_wfe_or_timeout
                0x10001458       0xd8 CMakeFiles/rp2040-freertos-template.dir/C_/VSARM/sdk/pico/pico-sdk/src/common/pico_time/time.c.obj
                0x10001458                best_effort_wfe_or_timeout
 .text.alarm_pool_get_default_timer
                0x10001530        0x8 CMakeFiles/rp2040-freertos-template.dir/C_/VSARM/sdk/pico/pico-sdk/src/common/pico_time/time.c.obj
                0x10001530                alarm_pool_get_default_timer
 .text.runtime_init_default_alarm_pool
                0x10001538       0x38 CMakeFiles/rp2040-freertos-template.dir/C_/VSARM/sdk/pico/pico-sdk/src/common/pico_time/time.c.obj
                0x10001538                runtime_init_default_alarm_pool
 .text.timer_hardware_alarm_claim
                0x10001570       0x14 CMakeFiles/rp2040-freertos-template.dir/C_/VSARM/sdk/pico/pico-sdk/src/rp2_common/hardware_timer/timer.c.obj
                0x10001570                timer_hardware_alarm_claim
 .text.timer_time_us_64
                0x10001584       0x10 CMakeFiles/rp2040-freertos-template.dir/C_/VSARM/sdk/pico/pico-sdk/src/rp2_common/hardware_timer/timer.c.obj
                0x10001584                timer_time_us_64
 .text.timer_busy_wait_until
                0x10001594       0x1a CMakeFiles/rp2040-freertos-template.dir/C_/VSARM/sdk/pico/pico-sdk/src/rp2_common/hardware_timer/timer.c.obj
                0x10001594                timer_busy_wait_until
 .text.timer_busy_wait_us
                0x100015ae       0x38 CMakeFiles/rp2040-freertos-template.dir/C_/VSARM/sdk/pico/pico-sdk/src/rp2_common/hardware_timer/timer.c.obj
                0x100015ae                timer_busy_wait_us
 *fill*         0x100015e6        0x2 
 .text.time_us_64
                0x100015e8       0x10 CMakeFiles/rp2040-freertos-template.dir/C_/VSARM/sdk/pico/pico-sdk/src/rp2_common/hardware_timer/timer.c.obj
                0x100015e8                time_us_64
 .text.busy_wait_us
                0x100015f8       0x14 CMakeFiles/rp2040-freertos-template.dir/C_/VSARM/sdk/pico/pico-sdk/src/rp2_common/hardware_timer/timer.c.obj
                0x100015f8                busy_wait_us
 .text.busy_wait_until
                0x1000160c       0x14 CMakeFiles/rp2040-freertos-template.dir/C_/VSARM/sdk/pico/pico-sdk/src/rp2_common/hardware_timer/timer.c.obj
                0x1000160c                busy_wait_until
 .text.uart_disable_before_lcr_write
                0x10001620       0x48 CMakeFiles/rp2040-freertos-template.dir/C_/VSARM/sdk/pico/pico-sdk/src/rp2_common/hardware_uart/uart.c.obj
 .text.uart_write_lcr_bits_masked
                0x10001668       0x20 CMakeFiles/rp2040-freertos-template.dir/C_/VSARM/sdk/pico/pico-sdk/src/rp2_common/hardware_uart/uart.c.obj
 .text.uart_set_baudrate
                0x10001688       0x5c CMakeFiles/rp2040-freertos-template.dir/C_/VSARM/sdk/pico/pico-sdk/src/rp2_common/hardware_uart/uart.c.obj
                0x10001688                uart_set_baudrate
 .text.uart_set_translate_crlf
                0x100016e4       0x28 CMakeFiles/rp2040-freertos-template.dir/C_/VSARM/sdk/pico/pico-sdk/src/rp2_common/hardware_uart/uart.c.obj
                0x100016e4                uart_set_translate_crlf
 .text.uart_init
                0x1000170c       0x84 CMakeFiles/rp2040-freertos-template.dir/C_/VSARM/sdk/pico/pico-sdk/src/rp2_common/hardware_uart/uart.c.obj
                0x1000170c                uart_init
 .text.clock_configure_internal
                0x10001790       0xc4 CMakeFiles/rp2040-freertos-template.dir/C_/VSARM/sdk/pico/pico-sdk/src/rp2_common/hardware_clocks/clocks.c.obj
 .text.clock_configure_int_divider
                0x10001854       0x28 CMakeFiles/rp2040-freertos-template.dir/C_/VSARM/sdk/pico/pico-sdk/src/rp2_common/hardware_clocks/clocks.c.obj
                0x10001854                clock_configure_int_divider
 .text.clock_configure_undivided
                0x1000187c       0x12 CMakeFiles/rp2040-freertos-template.dir/C_/VSARM/sdk/pico/pico-sdk/src/rp2_common/hardware_clocks/clocks.c.obj
                0x1000187c                clock_configure_undivided
 *fill*         0x1000188e        0x2 
 .text.clock_get_hz
                0x10001890        0xc CMakeFiles/rp2040-freertos-template.dir/C_/VSARM/sdk/pico/pico-sdk/src/rp2_common/hardware_clocks/clocks.c.obj
                0x10001890                clock_get_hz
 .text.pll_init
                0x1000189c      0x120 CMakeFiles/rp2040-freertos-template.dir/C_/VSARM/sdk/pico/pico-sdk/src/rp2_common/hardware_pll/pll.c.obj
                0x1000189c                pll_init
 .text.tick_start
                0x100019bc       0x10 CMakeFiles/rp2040-freertos-template.dir/C_/VSARM/sdk/pico/pico-sdk/src/rp2_common/hardware_ticks/ticks.c.obj
                0x100019bc                tick_start
 .text.xosc_init
                0x100019cc       0x28 CMakeFiles/rp2040-freertos-template.dir/C_/VSARM/sdk/pico/pico-sdk/src/rp2_common/hardware_xosc/xosc.c.obj
                0x100019cc                xosc_init
 .text.runtime_run_initializers_from
                0x100019f4       0x18 CMakeFiles/rp2040-freertos-template.dir/C_/VSARM/sdk/pico/pico-sdk/src/rp2_common/pico_runtime/runtime.c.obj
 .text.first_per_core_initializer
                0x10001a0c        0x2 CMakeFiles/rp2040-freertos-template.dir/C_/VSARM/sdk/pico/pico-sdk/src/rp2_common/pico_runtime/runtime.c.obj
 *fill*         0x10001a0e        0x2 
 .text.runtime_run_initializers
                0x10001a10       0x10 CMakeFiles/rp2040-freertos-template.dir/C_/VSARM/sdk/pico/pico-sdk/src/rp2_common/pico_runtime/runtime.c.obj
                0x10001a10                runtime_run_initializers
 .text.runtime_init_early_resets
                0x10001a20       0x2c CMakeFiles/rp2040-freertos-template.dir/C_/VSARM/sdk/pico/pico-sdk/src/rp2_common/pico_runtime_init/runtime_init.c.obj
                0x10001a20                runtime_init_early_resets
 .text.runtime_init_usb_power_down
                0x10001a4c       0x1c CMakeFiles/rp2040-freertos-template.dir/C_/VSARM/sdk/pico/pico-sdk/src/rp2_common/pico_runtime_init/runtime_init.c.obj
                0x10001a4c                runtime_init_usb_power_down
 .text.runtime_init_post_clock_resets
                0x10001a68       0x20 CMakeFiles/rp2040-freertos-template.dir/C_/VSARM/sdk/pico/pico-sdk/src/rp2_common/pico_runtime_init/runtime_init.c.obj
                0x10001a68                runtime_init_post_clock_resets
 .text.runtime_init_rp2040_gpio_ie_disable
                0x10001a88       0x14 CMakeFiles/rp2040-freertos-template.dir/C_/VSARM/sdk/pico/pico-sdk/src/rp2_common/pico_runtime_init/runtime_init.c.obj
                0x10001a88                runtime_init_rp2040_gpio_ie_disable
 .text.runtime_init_spin_locks_reset
                0x10001a9c        0x8 CMakeFiles/rp2040-freertos-template.dir/C_/VSARM/sdk/pico/pico-sdk/src/rp2_common/pico_runtime_init/runtime_init.c.obj
                0x10001a9c                runtime_init_spin_locks_reset
 .text.runtime_init_install_ram_vector_table
                0x10001aa4       0x1c CMakeFiles/rp2040-freertos-template.dir/C_/VSARM/sdk/pico/pico-sdk/src/rp2_common/pico_runtime_init/runtime_init.c.obj
                0x10001aa4                runtime_init_install_ram_vector_table
 .text.start_all_ticks
                0x10001ac0       0x28 CMakeFiles/rp2040-freertos-template.dir/C_/VSARM/sdk/pico/pico-sdk/src/rp2_common/pico_runtime_init/runtime_init_clocks.c.obj
 .text.runtime_init_clocks
                0x10001ae8       0xcc CMakeFiles/rp2040-freertos-template.dir/C_/VSARM/sdk/pico/pico-sdk/src/rp2_common/pico_runtime_init/runtime_init_clocks.c.obj
                0x10001ae8                runtime_init_clocks
 .text          0x10001bb4       0x10 CMakeFiles/rp2040-freertos-template.dir/C_/VSARM/sdk/pico/pico-sdk/src/rp2_common/pico_bit_ops/bit_ops_aeabi.S.obj
 .text.rom_func_lookup
                0x10001bc4       0x10 CMakeFiles/rp2040-freertos-template.dir/C_/VSARM/sdk/pico/pico-sdk/src/rp2_common/pico_bootrom/bootrom.c.obj
                0x10001bc4                rom_func_lookup
 .text.rom_data_lookup
                0x10001bd4       0x10 CMakeFiles/rp2040-freertos-template.dir/C_/VSARM/sdk/pico/pico-sdk/src/rp2_common/pico_bootrom/bootrom.c.obj
                0x10001bd4                rom_data_lookup
 .text.rom_funcs_lookup
                0x10001be4       0x36 CMakeFiles/rp2040-freertos-template.dir/C_/VSARM/sdk/pico/pico-sdk/src/rp2_common/pico_bootrom/bootrom.c.obj
                0x10001be4                rom_funcs_lookup
 *fill*         0x10001c1a        0x2 
 .text.__wrap___aeabi_idiv
                0x10001c1c       0x50 CMakeFiles/rp2040-freertos-template.dir/C_/VSARM/sdk/pico/pico-sdk/src/rp2_common/pico_divider/divider_hardware.S.obj
                0x10001c1c                __wrap___aeabi_idivmod
                0x10001c1c                divmod_s32s32
                0x10001c1c                div_s32s32
                0x10001c1c                __wrap___aeabi_idiv
                0x10001c24                divmod_s32s32_unsafe
                0x10001c50                divmod_s32s32_savestate
 .text.__wrap___aeabi_uidiv
                0x10001c6c       0x4c CMakeFiles/rp2040-freertos-template.dir/C_/VSARM/sdk/pico/pico-sdk/src/rp2_common/pico_divider/divider_hardware.S.obj
                0x10001c6c                __wrap___aeabi_uidiv
                0x10001c6c                __wrap___aeabi_uidivmod
                0x10001c6c                div_u32u32
                0x10001c6c                divmod_u32u32
                0x10001c74                divmod_u32u32_unsafe
                0x10001c9c                divmod_u32u32_savestate
 .text.__wrap___aeabi_ldiv
                0x10001cb8      0x424 CMakeFiles/rp2040-freertos-template.dir/C_/VSARM/sdk/pico/pico-sdk/src/rp2_common/pico_divider/divider_hardware.S.obj
                0x10001cb8                div_s64s64
                0x10001cb8                divmod_s64s64
                0x10001cb8                __wrap___aeabi_ldivmod
                0x10001ce8                divmod_u64u64
                0x10001ce8                div_u64u64
                0x10001ce8                __wrap___aeabi_uldivmod
                0x10001cf8                divmod_u64u64_savestate
                0x10001d18                divmod_s64s64_unsafe
                0x10001da0                divmod_u64u64_unsafe
 .text.__wrap___aeabi_darithmetic
                0x100020dc       0x80 CMakeFiles/rp2040-freertos-template.dir/C_/VSARM/sdk/pico/pico-sdk/src/rp2_common/pico_double/double_aeabi_rp2040.S.obj
                0x100020dc                __wrap___aeabi_drsub
                0x100020e2                __wrap___aeabi_dsub
                0x100020f4                __wrap___aeabi_dadd
                0x10002106                __wrap___aeabi_ddiv
                0x10002142                __wrap___aeabi_dmul
 .text.__wrap___aeabi_cdcmple
                0x1000215c       0x6c CMakeFiles/rp2040-freertos-template.dir/C_/VSARM/sdk/pico/pico-sdk/src/rp2_common/pico_double/double_aeabi_rp2040.S.obj
                0x1000215c                __wrap___aeabi_cdrcmple
                0x1000216c                __wrap___aeabi_cdcmpeq
                0x1000216c                __wrap___aeabi_cdcmple
 .text.__wrap___aeabi_dcmplt
                0x100021c8        0xc CMakeFiles/rp2040-freertos-template.dir/C_/VSARM/sdk/pico/pico-sdk/src/rp2_common/pico_double/double_aeabi_rp2040.S.obj
                0x100021c8                __wrap___aeabi_dcmplt
 .text.__wrap___aeabi_dcmple
                0x100021d4       0x10 CMakeFiles/rp2040-freertos-template.dir/C_/VSARM/sdk/pico/pico-sdk/src/rp2_common/pico_double/double_aeabi_rp2040.S.obj
                0x100021d4                __wrap___aeabi_dcmple
 .text.__wrap___aeabi_dcmpge
                0x100021e4       0x10 CMakeFiles/rp2040-freertos-template.dir/C_/VSARM/sdk/pico/pico-sdk/src/rp2_common/pico_double/double_aeabi_rp2040.S.obj
                0x100021e4                __wrap___aeabi_dcmpge
 .text.__wrap___aeabi_dcmpgt
                0x100021f4        0xa CMakeFiles/rp2040-freertos-template.dir/C_/VSARM/sdk/pico/pico-sdk/src/rp2_common/pico_double/double_aeabi_rp2040.S.obj
                0x100021f4                __wrap___aeabi_dcmpgt
 .text.__wrap___aeabi_dcmpun
                0x100021fe       0x18 CMakeFiles/rp2040-freertos-template.dir/C_/VSARM/sdk/pico/pico-sdk/src/rp2_common/pico_double/double_aeabi_rp2040.S.obj
                0x100021fe                __wrap___aeabi_dcmpun
 *fill*         0x10002216        0x2 
 .text.__wrap___aeabi_i2d
                0x10002218       0x38 CMakeFiles/rp2040-freertos-template.dir/C_/VSARM/sdk/pico/pico-sdk/src/rp2_common/pico_double/double_aeabi_rp2040.S.obj
                0x10002218                __wrap___aeabi_ui2d
                0x10002220                __wrap___aeabi_i2d
 .text.__wrap___aeabi_d2iz
                0x10002250       0x48 CMakeFiles/rp2040-freertos-template.dir/C_/VSARM/sdk/pico/pico-sdk/src/rp2_common/pico_double/double_aeabi_rp2040.S.obj
                0x10002250                double2int_z
                0x10002250                __wrap___aeabi_d2iz
 .text.__wrap___aeabi_d2uiz
                0x10002298       0x18 CMakeFiles/rp2040-freertos-template.dir/C_/VSARM/sdk/pico/pico-sdk/src/rp2_common/pico_double/double_aeabi_rp2040.S.obj
                0x10002298                __wrap___aeabi_d2uiz
                0x10002298                double2uint
 .text.__aeabi_double_init
                0x100022b0       0xc8 CMakeFiles/rp2040-freertos-template.dir/C_/VSARM/sdk/pico/pico-sdk/src/rp2_common/pico_double/double_init_rom_rp2040.c.obj
                0x100022b0                __aeabi_double_init
 .text.double_table_shim_on_use_helper
                0x10002378       0x34 CMakeFiles/rp2040-freertos-template.dir/C_/VSARM/sdk/pico/pico-sdk/src/rp2_common/pico_double/double_v1_rom_shim_rp2040.S.obj
                0x10002378                double_table_shim_on_use_helper
 .text.__wrap___aeabi_dsub
                0x100023ac       0x10 CMakeFiles/rp2040-freertos-template.dir/C_/VSARM/sdk/pico/pico-sdk/src/rp2_common/pico_double/double_v1_rom_shim_rp2040.S.obj
                0x100023ac                drsub_shim
                0x100023b2                dsub_shim
 .text.dadd_shim
                0x100023bc      0x15c CMakeFiles/rp2040-freertos-template.dir/C_/VSARM/sdk/pico/pico-sdk/src/rp2_common/pico_double/double_v1_rom_shim_rp2040.S.obj
                0x100023bc                dadd_shim
 .text.dmul_shim
                0x10002518      0x15c CMakeFiles/rp2040-freertos-template.dir/C_/VSARM/sdk/pico/pico-sdk/src/rp2_common/pico_double/double_v1_rom_shim_rp2040.S.obj
                0x10002518                dmul_shim
 .text.ddiv_shim
                0x10002674      0x1b0 CMakeFiles/rp2040-freertos-template.dir/C_/VSARM/sdk/pico/pico-sdk/src/rp2_common/pico_double/double_v1_rom_shim_rp2040.S.obj
                0x10002674                ddiv_shim
 .text.double2uint_shim
                0x10002824        0xe CMakeFiles/rp2040-freertos-template.dir/C_/VSARM/sdk/pico/pico-sdk/src/rp2_common/pico_double/double_v1_rom_shim_rp2040.S.obj
                0x10002824                double2uint_shim
                0x10002826                double2ufix_shim
 *fill*         0x10002832        0x2 
 .text.double2uint64_shim
                0x10002834       0x70 CMakeFiles/rp2040-freertos-template.dir/C_/VSARM/sdk/pico/pico-sdk/src/rp2_common/pico_double/double_v1_rom_shim_rp2040.S.obj
                0x10002834                double2uint64_shim
                0x10002836                double2ufix64_shim
                0x10002856                d2fix_a
 .text.dunpacks
                0x100028a4       0x3c CMakeFiles/rp2040-freertos-template.dir/C_/VSARM/sdk/pico/pico-sdk/src/rp2_common/pico_double/double_v1_rom_shim_rp2040.S.obj
                0x100028a4                dunpacks
 .text.__aeabi_lmul
                0x100028e0       0x32 CMakeFiles/rp2040-freertos-template.dir/C_/VSARM/sdk/pico/pico-sdk/src/rp2_common/pico_int64_ops/pico_int64_ops_aeabi.S.obj
                0x100028e0                __wrap___aeabi_lmul
 *fill*         0x10002912        0x2 
 .text.__aeabi_float_init
                0x10002914       0xfc CMakeFiles/rp2040-freertos-template.dir/C_/VSARM/sdk/pico/pico-sdk/src/rp2_common/pico_float/float_init_rom_rp2040.c.obj
                0x10002914                __aeabi_float_init
 .text.float_table_shim_on_use_helper
                0x10002a10       0x34 CMakeFiles/rp2040-freertos-template.dir/C_/VSARM/sdk/pico/pico-sdk/src/rp2_common/pico_float/float_v1_rom_shim_rp2040.S.obj
                0x10002a10                float_table_shim_on_use_helper
 .text          0x10002a44       0x10 CMakeFiles/rp2040-freertos-template.dir/C_/VSARM/sdk/pico/pico-sdk/src/rp2_common/pico_mem_ops/mem_ops_aeabi.S.obj
                0x10002a44                __aeabi_mem_init
 .text.memset   0x10002a54        0xc CMakeFiles/rp2040-freertos-template.dir/C_/VSARM/sdk/pico/pico-sdk/src/rp2_common/pico_mem_ops/mem_ops_aeabi.S.obj
                0x10002a54                __wrap_memset
 .text.memcpy   0x10002a60        0xc CMakeFiles/rp2040-freertos-template.dir/C_/VSARM/sdk/pico/pico-sdk/src/rp2_common/pico_mem_ops/mem_ops_aeabi.S.obj
                0x10002a60                __wrap_memcpy
                0x10002a60                __wrap___aeabi_memcpy
 .text._out_null
                0x10002a6c        0x2 CMakeFiles/rp2040-freertos-template.dir/C_/VSARM/sdk/pico/pico-sdk/src/rp2_common/pico_printf/printf.c.obj
 .text._out_fct
                0x10002a6e        0xe CMakeFiles/rp2040-freertos-template.dir/C_/VSARM/sdk/pico/pico-sdk/src/rp2_common/pico_printf/printf.c.obj
 .text._atoi    0x10002a7c       0x24 CMakeFiles/rp2040-freertos-template.dir/C_/VSARM/sdk/pico/pico-sdk/src/rp2_common/pico_printf/printf.c.obj
 .text._out_rev
                0x10002aa0       0xae CMakeFiles/rp2040-freertos-template.dir/C_/VSARM/sdk/pico/pico-sdk/src/rp2_common/pico_printf/printf.c.obj
 .text._ntoa_format
                0x10002b4e      0x112 CMakeFiles/rp2040-freertos-template.dir/C_/VSARM/sdk/pico/pico-sdk/src/rp2_common/pico_printf/printf.c.obj
 .text._ntoa_long
                0x10002c60       0xbc CMakeFiles/rp2040-freertos-template.dir/C_/VSARM/sdk/pico/pico-sdk/src/rp2_common/pico_printf/printf.c.obj
 .text._ntoa_long_long
                0x10002d1c       0xe2 CMakeFiles/rp2040-freertos-template.dir/C_/VSARM/sdk/pico/pico-sdk/src/rp2_common/pico_printf/printf.c.obj
 *fill*         0x10002dfe        0x2 
 .text._etoa    0x10002e00      0x414 CMakeFiles/rp2040-freertos-template.dir/C_/VSARM/sdk/pico/pico-sdk/src/rp2_common/pico_printf/printf.c.obj
 .text._ftoa    0x10003214      0x354 CMakeFiles/rp2040-freertos-template.dir/C_/VSARM/sdk/pico/pico-sdk/src/rp2_common/pico_printf/printf.c.obj
 .text._vsnprintf
                0x10003568      0x624 CMakeFiles/rp2040-freertos-template.dir/C_/VSARM/sdk/pico/pico-sdk/src/rp2_common/pico_printf/printf.c.obj
 .text.vfctprintf
                0x10003b8c       0x20 CMakeFiles/rp2040-freertos-template.dir/C_/VSARM/sdk/pico/pico-sdk/src/rp2_common/pico_printf/printf.c.obj
                0x10003b8c                vfctprintf
 .text._exit    0x10003bac        0x4 CMakeFiles/rp2040-freertos-template.dir/C_/VSARM/sdk/pico/pico-sdk/src/rp2_common/pico_clib_interface/newlib_interface.c.obj
                0x10003bac                _exit
 .text.exit     0x10003bb0        0x6 CMakeFiles/rp2040-freertos-template.dir/C_/VSARM/sdk/pico/pico-sdk/src/rp2_common/pico_clib_interface/newlib_interface.c.obj
                0x10003bb0                exit
 *fill*         0x10003bb6        0x2 
 .text.__assert_func
                0x10003bb8       0x3c CMakeFiles/rp2040-freertos-template.dir/C_/VSARM/sdk/pico/pico-sdk/src/rp2_common/pico_clib_interface/newlib_interface.c.obj
                0x10003bb8                __assert_func
 .text.runtime_init
                0x10003bf4       0x28 CMakeFiles/rp2040-freertos-template.dir/C_/VSARM/sdk/pico/pico-sdk/src/rp2_common/pico_clib_interface/newlib_interface.c.obj
                0x10003bf4                runtime_init
 .text.stdio_out_chars_no_crlf
                0x10003c1c        0xe CMakeFiles/rp2040-freertos-template.dir/C_/VSARM/sdk/pico/pico-sdk/src/rp2_common/pico_stdio/stdio.c.obj
 *fill*         0x10003c2a        0x2 
 .text.stdio_out_chars_crlf
                0x10003c2c       0x80 CMakeFiles/rp2040-freertos-template.dir/C_/VSARM/sdk/pico/pico-sdk/src/rp2_common/pico_stdio/stdio.c.obj
 .text.stdio_stack_buffer_flush
                0x10003cac       0x44 CMakeFiles/rp2040-freertos-template.dir/C_/VSARM/sdk/pico/pico-sdk/src/rp2_common/pico_stdio/stdio.c.obj
 .text.stdio_buffered_printer
                0x10003cf0       0x20 CMakeFiles/rp2040-freertos-template.dir/C_/VSARM/sdk/pico/pico-sdk/src/rp2_common/pico_stdio/stdio.c.obj
 .text.stdout_serialize_begin
                0x10003d10       0x30 CMakeFiles/rp2040-freertos-template.dir/C_/VSARM/sdk/pico/pico-sdk/src/rp2_common/pico_stdio/stdio.c.obj
                0x10003d10                stdout_serialize_begin
 .text.stdout_serialize_end
                0x10003d40       0x10 CMakeFiles/rp2040-freertos-template.dir/C_/VSARM/sdk/pico/pico-sdk/src/rp2_common/pico_stdio/stdio.c.obj
                0x10003d40                stdout_serialize_end
 .text.stdio_put_string
                0x10003d50       0x94 CMakeFiles/rp2040-freertos-template.dir/C_/VSARM/sdk/pico/pico-sdk/src/rp2_common/pico_stdio/stdio.c.obj
                0x10003d50                stdio_put_string
 .text.stdio_set_driver_enabled
                0x10003de4       0x2c CMakeFiles/rp2040-freertos-template.dir/C_/VSARM/sdk/pico/pico-sdk/src/rp2_common/pico_stdio/stdio.c.obj
                0x10003de4                stdio_set_driver_enabled
 .text.stdio_flush
                0x10003e10       0x20 CMakeFiles/rp2040-freertos-template.dir/C_/VSARM/sdk/pico/pico-sdk/src/rp2_common/pico_stdio/stdio.c.obj
                0x10003e10                stdio_flush
 .text.stdio_init_all
                0x10003e30        0xa CMakeFiles/rp2040-freertos-template.dir/C_/VSARM/sdk/pico/pico-sdk/src/rp2_common/pico_stdio/stdio.c.obj
                0x10003e30                stdio_init_all
 .text.__wrap_puts
                0x10003e3a       0x1e CMakeFiles/rp2040-freertos-template.dir/C_/VSARM/sdk/pico/pico-sdk/src/rp2_common/pico_stdio/stdio.c.obj
                0x10003e3a                stdio_puts
                0x10003e3a                __wrap_puts
 .text.__wrap_vprintf
                0x10003e58       0x40 CMakeFiles/rp2040-freertos-template.dir/C_/VSARM/sdk/pico/pico-sdk/src/rp2_common/pico_stdio/stdio.c.obj
                0x10003e58                stdio_vprintf
                0x10003e58                __wrap_vprintf
 .text.__wrap_printf
                0x10003e98       0x18 CMakeFiles/rp2040-freertos-template.dir/C_/VSARM/sdk/pico/pico-sdk/src/rp2_common/pico_stdio/stdio.c.obj
                0x10003e98                __wrap_printf
                0x10003e98                stdio_printf
 .text.stdio_uart_out_chars
                0x10003eb0       0x74 CMakeFiles/rp2040-freertos-template.dir/C_/VSARM/sdk/pico/pico-sdk/src/rp2_common/pico_stdio_uart/stdio_uart.c.obj
 .text.stdio_uart_in_chars
                0x10003f24       0x80 CMakeFiles/rp2040-freertos-template.dir/C_/VSARM/sdk/pico/pico-sdk/src/rp2_common/pico_stdio_uart/stdio_uart.c.obj
                0x10003f24                stdio_uart_in_chars
 .text.on_uart_rx
                0x10003fa4       0x28 CMakeFiles/rp2040-freertos-template.dir/C_/VSARM/sdk/pico/pico-sdk/src/rp2_common/pico_stdio_uart/stdio_uart.c.obj
 .text.stdio_uart_out_flush
                0x10003fcc       0x10 CMakeFiles/rp2040-freertos-template.dir/C_/VSARM/sdk/pico/pico-sdk/src/rp2_common/pico_stdio_uart/stdio_uart.c.obj
 .text.stdio_uart_set_chars_available_callback
                0x10003fdc       0x90 CMakeFiles/rp2040-freertos-template.dir/C_/VSARM/sdk/pico/pico-sdk/src/rp2_common/pico_stdio_uart/stdio_uart.c.obj
 .text.stdio_uart_init_full
                0x1000406c       0x44 CMakeFiles/rp2040-freertos-template.dir/C_/VSARM/sdk/pico/pico-sdk/src/rp2_common/pico_stdio_uart/stdio_uart.c.obj
                0x1000406c                stdio_uart_init_full
 .text.stdio_uart_init
                0x100040b0       0x30 CMakeFiles/rp2040-freertos-template.dir/C_/VSARM/sdk/pico/pico-sdk/src/rp2_common/pico_stdio_uart/stdio_uart.c.obj
                0x100040b0                stdio_uart_init
 .text.prvHeapInit
                0x100040e0       0x58 CMakeFiles/rp2040-freertos-template.dir/__/lib/FreeRTOS-Kernel/portable/MemMang/heap_4.c.obj
 .text.prvInsertBlockIntoFreeList
                0x10004138       0x88 CMakeFiles/rp2040-freertos-template.dir/__/lib/FreeRTOS-Kernel/portable/MemMang/heap_4.c.obj
 .text.pvPortMalloc
                0x100041c0      0x188 CMakeFiles/rp2040-freertos-template.dir/__/lib/FreeRTOS-Kernel/portable/MemMang/heap_4.c.obj
                0x100041c0                pvPortMalloc
 .text.vPortFree
                0x10004348       0xa8 CMakeFiles/rp2040-freertos-template.dir/__/lib/FreeRTOS-Kernel/portable/MemMang/heap_4.c.obj
                0x10004348                vPortFree
 .text.vPortSVCHandler
                0x100043f0        0x2 CMakeFiles/rp2040-freertos-template.dir/__/lib/FreeRTOS-Kernel/portable/ThirdParty/GCC/RP2040/port.c.obj
                0x100043f0                vPortSVCHandler
 *fill*         0x100043f2        0xe 
 .text.vPortStartFirstTask
                0x10004400       0x34 CMakeFiles/rp2040-freertos-template.dir/__/lib/FreeRTOS-Kernel/portable/ThirdParty/GCC/RP2040/port.c.obj
 *fill*         0x10004434        0xc 
 .text.xPortPendSVHandler
                0x10004440       0x64 CMakeFiles/rp2040-freertos-template.dir/__/lib/FreeRTOS-Kernel/portable/ThirdParty/GCC/RP2040/port.c.obj
                0x10004440                xPortPendSVHandler
 .text.prvTaskExitError
                0x100044a4        0x6 CMakeFiles/rp2040-freertos-template.dir/__/lib/FreeRTOS-Kernel/portable/ThirdParty/GCC/RP2040/port.c.obj
 *fill*         0x100044aa        0x2 
 .text.prvFIFOInterruptHandler
                0x100044ac       0x78 CMakeFiles/rp2040-freertos-template.dir/__/lib/FreeRTOS-Kernel/portable/ThirdParty/GCC/RP2040/port.c.obj
 .text.prvGetTicksToWaitBefore
                0x10004524       0x3c CMakeFiles/rp2040-freertos-template.dir/__/lib/FreeRTOS-Kernel/portable/ThirdParty/GCC/RP2040/port.c.obj
 .text.pxPortInitialiseStack
                0x10004560       0x20 CMakeFiles/rp2040-freertos-template.dir/__/lib/FreeRTOS-Kernel/portable/ThirdParty/GCC/RP2040/port.c.obj
                0x10004560                pxPortInitialiseStack
 .text.vPortYield
                0x10004580       0x40 CMakeFiles/rp2040-freertos-template.dir/__/lib/FreeRTOS-Kernel/portable/ThirdParty/GCC/RP2040/port.c.obj
                0x10004580                vPortYield
 .text.vPortEnterCritical
                0x100045c0       0x18 CMakeFiles/rp2040-freertos-template.dir/__/lib/FreeRTOS-Kernel/portable/ThirdParty/GCC/RP2040/port.c.obj
                0x100045c0                vPortEnterCritical
 .text.vPortEnableInterrupts
                0x100045d8       0x28 CMakeFiles/rp2040-freertos-template.dir/__/lib/FreeRTOS-Kernel/portable/ThirdParty/GCC/RP2040/port.c.obj
                0x100045d8                vPortEnableInterrupts
 .text.vPortExitCritical
                0x10004600       0x3c CMakeFiles/rp2040-freertos-template.dir/__/lib/FreeRTOS-Kernel/portable/ThirdParty/GCC/RP2040/port.c.obj
                0x10004600                vPortExitCritical
 .text.ulSetInterruptMaskFromISR
                0x1000463c        0x8 CMakeFiles/rp2040-freertos-template.dir/__/lib/FreeRTOS-Kernel/portable/ThirdParty/GCC/RP2040/port.c.obj
                0x1000463c                ulSetInterruptMaskFromISR
 .text.vClearInterruptMaskFromISR
                0x10004644        0x6 CMakeFiles/rp2040-freertos-template.dir/__/lib/FreeRTOS-Kernel/portable/ThirdParty/GCC/RP2040/port.c.obj
                0x10004644                vClearInterruptMaskFromISR
 *fill*         0x1000464a        0x2 
 .text.xPortSysTickHandler
                0x1000464c       0x24 CMakeFiles/rp2040-freertos-template.dir/__/lib/FreeRTOS-Kernel/portable/ThirdParty/GCC/RP2040/port.c.obj
                0x1000464c                xPortSysTickHandler
 .text.vPortSetupTimerInterrupt
                0x10004670       0x34 CMakeFiles/rp2040-freertos-template.dir/__/lib/FreeRTOS-Kernel/portable/ThirdParty/GCC/RP2040/port.c.obj
                0x10004670                vPortSetupTimerInterrupt
 .text.xPortStartScheduler
                0x100046a4       0xa4 CMakeFiles/rp2040-freertos-template.dir/__/lib/FreeRTOS-Kernel/portable/ThirdParty/GCC/RP2040/port.c.obj
                0x100046a4                xPortStartScheduler
 .text.ulPortLockGetCurrentOwnerId
                0x10004748       0x2c CMakeFiles/rp2040-freertos-template.dir/__/lib/FreeRTOS-Kernel/portable/ThirdParty/GCC/RP2040/port.c.obj
                0x10004748                ulPortLockGetCurrentOwnerId
 .text.vPortLockInternalSpinUnlockWithWait
                0x10004774       0xc8 CMakeFiles/rp2040-freertos-template.dir/__/lib/FreeRTOS-Kernel/portable/ThirdParty/GCC/RP2040/port.c.obj
                0x10004774                vPortLockInternalSpinUnlockWithWait
 .text.vPortLockInternalSpinUnlockWithNotify
                0x1000483c       0xd0 CMakeFiles/rp2040-freertos-template.dir/__/lib/FreeRTOS-Kernel/portable/ThirdParty/GCC/RP2040/port.c.obj
                0x1000483c                vPortLockInternalSpinUnlockWithNotify
 .text.xPortLockInternalSpinUnlockWithBestEffortWaitOrTimeout
                0x1000490c      0x120 CMakeFiles/rp2040-freertos-template.dir/__/lib/FreeRTOS-Kernel/portable/ThirdParty/GCC/RP2040/port.c.obj
                0x1000490c                xPortLockInternalSpinUnlockWithBestEffortWaitOrTimeout
 .text.prvRuntimeInitializer
                0x10004a2c       0x28 CMakeFiles/rp2040-freertos-template.dir/__/lib/FreeRTOS-Kernel/portable/ThirdParty/GCC/RP2040/port.c.obj
 .text.prvTestWaitCondition
                0x10004a54       0x1e CMakeFiles/rp2040-freertos-template.dir/__/lib/FreeRTOS-Kernel/event_groups.c.obj
 .text.xEventGroupCreate
                0x10004a72       0x18 CMakeFiles/rp2040-freertos-template.dir/__/lib/FreeRTOS-Kernel/event_groups.c.obj
                0x10004a72                xEventGroupCreate
 *fill*         0x10004a8a        0x2 
 .text.xEventGroupWaitBits
                0x10004a8c      0x124 CMakeFiles/rp2040-freertos-template.dir/__/lib/FreeRTOS-Kernel/event_groups.c.obj
                0x10004a8c                xEventGroupWaitBits
 .text.xEventGroupSetBits
                0x10004bb0       0x98 CMakeFiles/rp2040-freertos-template.dir/__/lib/FreeRTOS-Kernel/event_groups.c.obj
                0x10004bb0                xEventGroupSetBits
 .text.vEventGroupSetBitsCallback
                0x10004c48        0x8 CMakeFiles/rp2040-freertos-template.dir/__/lib/FreeRTOS-Kernel/event_groups.c.obj
                0x10004c48                vEventGroupSetBitsCallback
 .text.xEventGroupSetBitsFromISR
                0x10004c50       0x14 CMakeFiles/rp2040-freertos-template.dir/__/lib/FreeRTOS-Kernel/event_groups.c.obj
                0x10004c50                xEventGroupSetBitsFromISR
 .text.vListInitialise
                0x10004c64       0x16 CMakeFiles/rp2040-freertos-template.dir/__/lib/FreeRTOS-Kernel/list.c.obj
                0x10004c64                vListInitialise
 .text.vListInitialiseItem
                0x10004c7a        0x6 CMakeFiles/rp2040-freertos-template.dir/__/lib/FreeRTOS-Kernel/list.c.obj
                0x10004c7a                vListInitialiseItem
 .text.vListInsert
                0x10004c80       0x2e CMakeFiles/rp2040-freertos-template.dir/__/lib/FreeRTOS-Kernel/list.c.obj
                0x10004c80                vListInsert
 .text.uxListRemove
                0x10004cae       0x26 CMakeFiles/rp2040-freertos-template.dir/__/lib/FreeRTOS-Kernel/list.c.obj
                0x10004cae                uxListRemove
 .text.prvIsQueueEmpty
                0x10004cd4       0x1c CMakeFiles/rp2040-freertos-template.dir/__/lib/FreeRTOS-Kernel/queue.c.obj
 .text.prvCopyDataToQueue
                0x10004cf0       0x82 CMakeFiles/rp2040-freertos-template.dir/__/lib/FreeRTOS-Kernel/queue.c.obj
 .text.prvCopyDataFromQueue
                0x10004d72       0x24 CMakeFiles/rp2040-freertos-template.dir/__/lib/FreeRTOS-Kernel/queue.c.obj
 *fill*         0x10004d96        0x2 
 .text.prvNotifyQueueSetContainer
                0x10004d98       0xa8 CMakeFiles/rp2040-freertos-template.dir/__/lib/FreeRTOS-Kernel/queue.c.obj
 .text.prvUnlockQueue
                0x10004e40       0x88 CMakeFiles/rp2040-freertos-template.dir/__/lib/FreeRTOS-Kernel/queue.c.obj
 .text.xQueueGenericReset
                0x10004ec8       0xd8 CMakeFiles/rp2040-freertos-template.dir/__/lib/FreeRTOS-Kernel/queue.c.obj
                0x10004ec8                xQueueGenericReset
 .text.prvInitialiseNewQueue
                0x10004fa0       0x26 CMakeFiles/rp2040-freertos-template.dir/__/lib/FreeRTOS-Kernel/queue.c.obj
 *fill*         0x10004fc6        0x2 
 .text.xQueueGenericCreate
                0x10004fc8       0x90 CMakeFiles/rp2040-freertos-template.dir/__/lib/FreeRTOS-Kernel/queue.c.obj
                0x10004fc8                xQueueGenericCreate
 .text.xQueueGenericSendFromISR
                0x10005058      0x13c CMakeFiles/rp2040-freertos-template.dir/__/lib/FreeRTOS-Kernel/queue.c.obj
                0x10005058                xQueueGenericSendFromISR
 .text.xQueueReceive
                0x10005194      0x14c CMakeFiles/rp2040-freertos-template.dir/__/lib/FreeRTOS-Kernel/queue.c.obj
                0x10005194                xQueueReceive
 .text.vQueueAddToRegistry
                0x100052e0       0x64 CMakeFiles/rp2040-freertos-template.dir/__/lib/FreeRTOS-Kernel/queue.c.obj
                0x100052e0                vQueueAddToRegistry
 .text.vQueueWaitForMessageRestricted
                0x10005344       0x50 CMakeFiles/rp2040-freertos-template.dir/__/lib/FreeRTOS-Kernel/queue.c.obj
                0x10005344                vQueueWaitForMessageRestricted
 .text.prvResetNextTaskUnblockTime
                0x10005394       0x2c CMakeFiles/rp2040-freertos-template.dir/__/lib/FreeRTOS-Kernel/tasks.c.obj
 .text.prvDeleteTCB
                0x100053c0       0x12 CMakeFiles/rp2040-freertos-template.dir/__/lib/FreeRTOS-Kernel/tasks.c.obj
 *fill*         0x100053d2        0x2 
 .text.prvInitialiseNewTask
                0x100053d4       0xb4 CMakeFiles/rp2040-freertos-template.dir/__/lib/FreeRTOS-Kernel/tasks.c.obj
 .text.prvInitialiseTaskLists
                0x10005488       0x68 CMakeFiles/rp2040-freertos-template.dir/__/lib/FreeRTOS-Kernel/tasks.c.obj
 .text.prvAddNewTaskToReadyList
                0x100054f0       0xc4 CMakeFiles/rp2040-freertos-template.dir/__/lib/FreeRTOS-Kernel/tasks.c.obj
 .text.prvCheckTasksWaitingTermination
                0x100055b4       0x44 CMakeFiles/rp2040-freertos-template.dir/__/lib/FreeRTOS-Kernel/tasks.c.obj
 .text.prvIdleTask
                0x100055f8       0x18 CMakeFiles/rp2040-freertos-template.dir/__/lib/FreeRTOS-Kernel/tasks.c.obj
 .text.prvAddCurrentTaskToDelayedList
                0x10005610       0x9c CMakeFiles/rp2040-freertos-template.dir/__/lib/FreeRTOS-Kernel/tasks.c.obj
 .text.xTaskCreate
                0x100056ac       0x68 CMakeFiles/rp2040-freertos-template.dir/__/lib/FreeRTOS-Kernel/tasks.c.obj
                0x100056ac                xTaskCreate
 .text.prvCreateIdleTasks
                0x10005714       0x28 CMakeFiles/rp2040-freertos-template.dir/__/lib/FreeRTOS-Kernel/tasks.c.obj
 .text.vTaskStartScheduler
                0x1000573c       0x68 CMakeFiles/rp2040-freertos-template.dir/__/lib/FreeRTOS-Kernel/tasks.c.obj
                0x1000573c                vTaskStartScheduler
 .text.vTaskSuspendAll
                0x100057a4       0x10 CMakeFiles/rp2040-freertos-template.dir/__/lib/FreeRTOS-Kernel/tasks.c.obj
                0x100057a4                vTaskSuspendAll
 .text.xTaskGetTickCount
                0x100057b4        0xc CMakeFiles/rp2040-freertos-template.dir/__/lib/FreeRTOS-Kernel/tasks.c.obj
                0x100057b4                xTaskGetTickCount
 .text.uxTaskGetNumberOfTasks
                0x100057c0        0xc CMakeFiles/rp2040-freertos-template.dir/__/lib/FreeRTOS-Kernel/tasks.c.obj
                0x100057c0                uxTaskGetNumberOfTasks
 .text.xTaskIncrementTick
                0x100057cc      0x17c CMakeFiles/rp2040-freertos-template.dir/__/lib/FreeRTOS-Kernel/tasks.c.obj
                0x100057cc                xTaskIncrementTick
 .text.xTaskResumeAll
                0x10005948      0x158 CMakeFiles/rp2040-freertos-template.dir/__/lib/FreeRTOS-Kernel/tasks.c.obj
                0x10005948                xTaskResumeAll
 .text.vTaskDelay
                0x10005aa0       0x48 CMakeFiles/rp2040-freertos-template.dir/__/lib/FreeRTOS-Kernel/tasks.c.obj
                0x10005aa0                vTaskDelay
 .text.vTaskSwitchContext
                0x10005ae8       0xa4 CMakeFiles/rp2040-freertos-template.dir/__/lib/FreeRTOS-Kernel/tasks.c.obj
                0x10005ae8                vTaskSwitchContext
 .text.vTaskPlaceOnEventList
                0x10005b8c       0x3c CMakeFiles/rp2040-freertos-template.dir/__/lib/FreeRTOS-Kernel/tasks.c.obj
                0x10005b8c                vTaskPlaceOnEventList
 .text.vTaskPlaceOnUnorderedEventList
                0x10005bc8       0x80 CMakeFiles/rp2040-freertos-template.dir/__/lib/FreeRTOS-Kernel/tasks.c.obj
                0x10005bc8                vTaskPlaceOnUnorderedEventList
 .text.vTaskPlaceOnEventListRestricted
                0x10005c48       0x60 CMakeFiles/rp2040-freertos-template.dir/__/lib/FreeRTOS-Kernel/tasks.c.obj
                0x10005c48                vTaskPlaceOnEventListRestricted
 .text.xTaskRemoveFromEventList
                0x10005ca8      0x100 CMakeFiles/rp2040-freertos-template.dir/__/lib/FreeRTOS-Kernel/tasks.c.obj
                0x10005ca8                xTaskRemoveFromEventList
 .text.vTaskRemoveFromUnorderedEventList
                0x10005da8       0xf8 CMakeFiles/rp2040-freertos-template.dir/__/lib/FreeRTOS-Kernel/tasks.c.obj
                0x10005da8                vTaskRemoveFromUnorderedEventList
 .text.vTaskInternalSetTimeOutState
                0x10005ea0       0x18 CMakeFiles/rp2040-freertos-template.dir/__/lib/FreeRTOS-Kernel/tasks.c.obj
                0x10005ea0                vTaskInternalSetTimeOutState
 .text.xTaskCheckForTimeOut
                0x10005eb8       0xb0 CMakeFiles/rp2040-freertos-template.dir/__/lib/FreeRTOS-Kernel/tasks.c.obj
                0x10005eb8                xTaskCheckForTimeOut
 .text.vTaskMissedYield
                0x10005f68        0xc CMakeFiles/rp2040-freertos-template.dir/__/lib/FreeRTOS-Kernel/tasks.c.obj
                0x10005f68                vTaskMissedYield
 .text.xTaskGetCurrentTaskHandle
                0x10005f74        0xc CMakeFiles/rp2040-freertos-template.dir/__/lib/FreeRTOS-Kernel/tasks.c.obj
                0x10005f74                xTaskGetCurrentTaskHandle
 .text.xTaskGetSchedulerState
                0x10005f80       0x24 CMakeFiles/rp2040-freertos-template.dir/__/lib/FreeRTOS-Kernel/tasks.c.obj
                0x10005f80                xTaskGetSchedulerState
 .text.xTaskPriorityDisinherit
                0x10005fa4       0xc0 CMakeFiles/rp2040-freertos-template.dir/__/lib/FreeRTOS-Kernel/tasks.c.obj
                0x10005fa4                xTaskPriorityDisinherit
 .text.uxTaskResetEventItemValue
                0x10006064       0x18 CMakeFiles/rp2040-freertos-template.dir/__/lib/FreeRTOS-Kernel/tasks.c.obj
                0x10006064                uxTaskResetEventItemValue
 .text.prvGetNextExpireTime
                0x1000607c       0x24 CMakeFiles/rp2040-freertos-template.dir/__/lib/FreeRTOS-Kernel/timers.c.obj
 .text.prvInsertTimerInActiveList
                0x100060a0       0x48 CMakeFiles/rp2040-freertos-template.dir/__/lib/FreeRTOS-Kernel/timers.c.obj
 .text.prvReloadTimer
                0x100060e8       0x2a CMakeFiles/rp2040-freertos-template.dir/__/lib/FreeRTOS-Kernel/timers.c.obj
 *fill*         0x10006112        0x2 
 .text.prvProcessExpiredTimer
                0x10006114       0x3c CMakeFiles/rp2040-freertos-template.dir/__/lib/FreeRTOS-Kernel/timers.c.obj
 .text.prvSwitchTimerLists
                0x10006150       0x30 CMakeFiles/rp2040-freertos-template.dir/__/lib/FreeRTOS-Kernel/timers.c.obj
 .text.prvSampleTimeNow
                0x10006180       0x2c CMakeFiles/rp2040-freertos-template.dir/__/lib/FreeRTOS-Kernel/timers.c.obj
 .text.prvProcessTimerOrBlockTask
                0x100061ac       0x70 CMakeFiles/rp2040-freertos-template.dir/__/lib/FreeRTOS-Kernel/timers.c.obj
 .text.prvProcessReceivedCommands
                0x1000621c      0x108 CMakeFiles/rp2040-freertos-template.dir/__/lib/FreeRTOS-Kernel/timers.c.obj
 .text.prvTimerTask
                0x10006324       0x16 CMakeFiles/rp2040-freertos-template.dir/__/lib/FreeRTOS-Kernel/timers.c.obj
 *fill*         0x1000633a        0x2 
 .text.prvCheckForValidListAndQueue
                0x1000633c       0x60 CMakeFiles/rp2040-freertos-template.dir/__/lib/FreeRTOS-Kernel/timers.c.obj
 .text.xTimerCreateTimerTask
                0x1000639c       0x58 CMakeFiles/rp2040-freertos-template.dir/__/lib/FreeRTOS-Kernel/timers.c.obj
                0x1000639c                xTimerCreateTimerTask
 .text.xTimerPendFunctionCallFromISR
                0x100063f4       0x28 CMakeFiles/rp2040-freertos-template.dir/__/lib/FreeRTOS-Kernel/timers.c.obj
                0x100063f4                xTimerPendFunctionCallFromISR
 .text.exception_is_compile_time_default
                0x1000641c       0x20 CMakeFiles/rp2040-freertos-template.dir/C_/VSARM/sdk/pico/pico-sdk/src/rp2_common/hardware_exception/exception.c.obj
 .text.set_raw_exception_handler_and_restore_interrupts
                0x1000643c       0x18 CMakeFiles/rp2040-freertos-template.dir/C_/VSARM/sdk/pico/pico-sdk/src/rp2_common/hardware_exception/exception.c.obj
 .text.exception_get_vtable_handler
                0x10006454       0x10 CMakeFiles/rp2040-freertos-template.dir/C_/VSARM/sdk/pico/pico-sdk/src/rp2_common/hardware_exception/exception.c.obj
                0x10006454                exception_get_vtable_handler
 .text.exception_set_exclusive_handler
                0x10006464       0x44 CMakeFiles/rp2040-freertos-template.dir/C_/VSARM/sdk/pico/pico-sdk/src/rp2_common/hardware_exception/exception.c.obj
                0x10006464                exception_set_exclusive_handler
 .text.adc_init
                0x100064a8       0x34 CMakeFiles/rp2040-freertos-template.dir/C_/VSARM/sdk/pico/pico-sdk/src/rp2_common/hardware_adc/adc.c.obj
                0x100064a8                adc_init
 .text.strlen   0x100064dc       0x5c c:/vsarm/armcc/102021~1.10/bin/../lib/gcc/arm-none-eabi/10.3.1/../../../../arm-none-eabi/lib/thumb/v6-m/nofp\libg.a(lib_a-strlen-stub.o)
                0x100064dc                strlen
 *(.fini)
 .fini          0x10006538        0x4 c:/vsarm/armcc/102021~1.10/bin/../lib/gcc/arm-none-eabi/10.3.1/thumb/v6-m/nofp/crti.o
                0x10006538                _fini
 *fill*         0x1000653c        0x4 
 .fini.__stub   0x10006540       0x40 linker stubs
 *crtbegin.o(.ctors)
 *crtbegin?.o(.ctors)
 *(EXCLUDE_FILE(*crtend.o *crtend?.o) .ctors)
 *(SORT_BY_NAME(.ctors.*))
 *(.ctors)
 *crtbegin.o(.dtors)
 *crtbegin?.o(.dtors)
 *(EXCLUDE_FILE(*crtend.o *crtend?.o) .dtors)
 *(SORT_BY_NAME(.dtors.*))
 *(.dtors)
                0x10006580                . = ALIGN (0x4)
                0x10006580                PROVIDE (__preinit_array_start = .)
 *(SORT_BY_NAME(.preinit_array.*))
 .preinit_array.00100
                0x10006580        0x4 CMakeFiles/rp2040-freertos-template.dir/C_/VSARM/sdk/pico/pico-sdk/src/rp2_common/pico_runtime_init/runtime_init.c.obj
                0x10006580                __pre_init_runtime_init_early_resets
 .preinit_array.00101
                0x10006584        0x4 CMakeFiles/rp2040-freertos-template.dir/C_/VSARM/sdk/pico/pico-sdk/src/rp2_common/pico_runtime_init/runtime_init.c.obj
                0x10006584                __pre_init_runtime_init_usb_power_down
 .preinit_array.00275
                0x10006588        0x4 CMakeFiles/rp2040-freertos-template.dir/C_/VSARM/sdk/pico/pico-sdk/src/rp2_common/pico_bit_ops/bit_ops_aeabi.S.obj
 .preinit_array.00300
                0x1000658c        0x4 CMakeFiles/rp2040-freertos-template.dir/C_/VSARM/sdk/pico/pico-sdk/src/rp2_common/pico_mem_ops/mem_ops_aeabi.S.obj
 .preinit_array.00350
                0x10006590        0x4 CMakeFiles/rp2040-freertos-template.dir/C_/VSARM/sdk/pico/pico-sdk/src/rp2_common/pico_double/double_aeabi_rp2040.S.obj
 .preinit_array.00350
                0x10006594        0x4 CMakeFiles/rp2040-freertos-template.dir/C_/VSARM/sdk/pico/pico-sdk/src/rp2_common/pico_float/float_aeabi_rp2040.S.obj
 .preinit_array.00500
                0x10006598        0x4 CMakeFiles/rp2040-freertos-template.dir/C_/VSARM/sdk/pico/pico-sdk/src/rp2_common/pico_runtime_init/runtime_init.c.obj
                0x10006598                __pre_init_runtime_init_clocks
 .preinit_array.00600
                0x1000659c        0x4 CMakeFiles/rp2040-freertos-template.dir/C_/VSARM/sdk/pico/pico-sdk/src/rp2_common/pico_runtime_init/runtime_init.c.obj
                0x1000659c                __pre_init_runtime_init_post_clock_resets
 .preinit_array.00700
                0x100065a0        0x4 CMakeFiles/rp2040-freertos-template.dir/C_/VSARM/sdk/pico/pico-sdk/src/rp2_common/pico_runtime_init/runtime_init.c.obj
                0x100065a0                __pre_init_runtime_init_rp2040_gpio_ie_disable
 .preinit_array.01000
                0x100065a4        0x4 CMakeFiles/rp2040-freertos-template.dir/C_/VSARM/sdk/pico/pico-sdk/src/rp2_common/pico_runtime_init/runtime_init.c.obj
                0x100065a4                __pre_init_runtime_init_spin_locks_reset
 .preinit_array.01100
                0x100065a8        0x4 CMakeFiles/rp2040-freertos-template.dir/C_/VSARM/sdk/pico/pico-sdk/src/common/pico_sync/mutex.c.obj
                0x100065a8                __pre_init_runtime_init_mutex
 .preinit_array.10080
                0x100065ac        0x4 CMakeFiles/rp2040-freertos-template.dir/C_/VSARM/sdk/pico/pico-sdk/src/rp2_common/pico_runtime_init/runtime_init.c.obj
                0x100065ac                __pre_init_runtime_init_install_ram_vector_table
 .preinit_array.11000
                0x100065b0        0x4 CMakeFiles/rp2040-freertos-template.dir/C_/VSARM/sdk/pico/pico-sdk/src/common/pico_time/time.c.obj
                0x100065b0                __pre_init_runtime_init_default_alarm_pool
 .preinit_array.YYYYY
                0x100065b4        0x4 CMakeFiles/rp2040-freertos-template.dir/C_/VSARM/sdk/pico/pico-sdk/src/rp2_common/pico_runtime/runtime.c.obj
                0x100065b4                __pre_init_first_per_core_initializer
 .preinit_array.ZZZZZ.01200
                0x100065b8        0x4 CMakeFiles/rp2040-freertos-template.dir/C_/VSARM/sdk/pico/pico-sdk/src/rp2_common/hardware_irq/irq.c.obj
                0x100065b8                __pre_init_runtime_init_per_core_irq_priorities
 *(.preinit_array)
                0x100065bc                PROVIDE (__preinit_array_end = .)
                0x100065bc                . = ALIGN (0x4)
                0x100065bc                PROVIDE (__init_array_start = .)
 *(SORT_BY_NAME(.init_array.*))
 *(.init_array)
 .init_array    0x100065bc        0x4 c:/vsarm/armcc/102021~1.10/bin/../lib/gcc/arm-none-eabi/10.3.1/thumb/v6-m/nofp/crtbegin.o
 .init_array    0x100065c0        0x4 CMakeFiles/rp2040-freertos-template.dir/__/lib/FreeRTOS-Kernel/portable/ThirdParty/GCC/RP2040/port.c.obj
                0x100065c4                PROVIDE (__init_array_end = .)
                0x100065c4                . = ALIGN (0x4)
                [!provide]                PROVIDE (__fini_array_start = .)
 *(SORT_BY_NAME(.fini_array.*))
 *(.fini_array)
                [!provide]                PROVIDE (__fini_array_end = .)
 *(.eh_frame*)
 .eh_frame      0x100065c4        0x0 c:/vsarm/armcc/102021~1.10/bin/../lib/gcc/arm-none-eabi/10.3.1/thumb/v6-m/nofp/crtbegin.o
                0x100065c4                . = ALIGN (0x4)

.glue_7         0x100065c4        0x0
 .glue_7        0x100065c4        0x0 linker stubs

.glue_7t        0x100065c4        0x0
 .glue_7t       0x100065c4        0x0 linker stubs

.vfp11_veneer   0x100065c4        0x0
 .vfp11_veneer  0x100065c4        0x0 linker stubs

.v4_bx          0x100065c4        0x0
 .v4_bx         0x100065c4        0x0 linker stubs

.iplt           0x100065c4        0x0
 .iplt          0x100065c4        0x0 c:/vsarm/armcc/102021~1.10/bin/../lib/gcc/arm-none-eabi/10.3.1/thumb/v6-m/nofp/crtbegin.o

.rodata         0x100065c8     0x187c
 *(EXCLUDE_FILE(*libm.a: *libc.a:*lib_a-mem*.o *libgcc.a:) .rodata*)
 .rodata.motionTask.str1.4
                0x100065c8       0x12 CMakeFiles/rp2040-freertos-template.dir/main.c.obj
 *fill*         0x100065da        0x2 
 .rodata.main.str1.4
                0x100065dc       0x24 CMakeFiles/rp2040-freertos-template.dir/main.c.obj
 .rodata.panic.str1.4
                0x10006600       0x12 CMakeFiles/rp2040-freertos-template.dir/C_/VSARM/sdk/pico/pico-sdk/src/rp2_common/pico_platform_panic/panic.c.obj
 *fill*         0x10006612        0x2 
 .rodata.panic_unsupported.str1.4
                0x10006614        0xe CMakeFiles/rp2040-freertos-template.dir/C_/VSARM/sdk/pico/pico-sdk/src/rp2_common/pico_platform_panic/panic.c.obj
 *fill*         0x10006622        0x2 
 .rodata.make_j_16.str1.4
                0x10006624       0x6d CMakeFiles/rp2040-freertos-template.dir/C_/VSARM/sdk/pico/pico-sdk/src/rp2_common/hardware_irq/irq.c.obj
 *fill*         0x10006691        0x3 
 .rodata.insert_bl_32.str1.4
                0x10006694       0x10 CMakeFiles/rp2040-freertos-template.dir/C_/VSARM/sdk/pico/pico-sdk/src/rp2_common/hardware_irq/irq.c.obj
 .rodata.irq_set_exclusive_handler.str1.4
                0x100066a4       0x36 CMakeFiles/rp2040-freertos-template.dir/C_/VSARM/sdk/pico/pico-sdk/src/rp2_common/hardware_irq/irq.c.obj
 *fill*         0x100066da        0x2 
 .rodata.irq_add_shared_handler.str1.4
                0x100066dc       0xe9 CMakeFiles/rp2040-freertos-template.dir/C_/VSARM/sdk/pico/pico-sdk/src/rp2_common/hardware_irq/irq.c.obj
 *fill*         0x100067c5        0x3 
 .rodata.irq_remove_handler.str1.4
                0x100067c8       0x3a CMakeFiles/rp2040-freertos-template.dir/C_/VSARM/sdk/pico/pico-sdk/src/rp2_common/hardware_irq/irq.c.obj
 *fill*         0x10006802        0x2 
 .rodata.irq_add_tail_to_free_list.str1.4
                0x10006804       0x3a CMakeFiles/rp2040-freertos-template.dir/C_/VSARM/sdk/pico/pico-sdk/src/rp2_common/hardware_irq/irq.c.obj
 *fill*         0x1000683e        0x2 
 .rodata.__func__.0
                0x10006840       0x1a CMakeFiles/rp2040-freertos-template.dir/C_/VSARM/sdk/pico/pico-sdk/src/rp2_common/hardware_irq/irq.c.obj
 *fill*         0x1000685a        0x2 
 .rodata.__func__.1
                0x1000685c        0xd CMakeFiles/rp2040-freertos-template.dir/C_/VSARM/sdk/pico/pico-sdk/src/rp2_common/hardware_irq/irq.c.obj
 *fill*         0x10006869        0x3 
 .rodata.__func__.2
                0x1000686c       0x13 CMakeFiles/rp2040-freertos-template.dir/C_/VSARM/sdk/pico/pico-sdk/src/rp2_common/hardware_irq/irq.c.obj
 *fill*         0x1000687f        0x1 
 .rodata.__func__.3
                0x10006880        0xa CMakeFiles/rp2040-freertos-template.dir/C_/VSARM/sdk/pico/pico-sdk/src/rp2_common/hardware_irq/irq.c.obj
 *fill*         0x1000688a        0x2 
 .rodata.__func__.4
                0x1000688c        0xd CMakeFiles/rp2040-freertos-template.dir/C_/VSARM/sdk/pico/pico-sdk/src/rp2_common/hardware_irq/irq.c.obj
 *fill*         0x10006899        0x3 
 .rodata.__func__.6
                0x1000689c       0x1a CMakeFiles/rp2040-freertos-template.dir/C_/VSARM/sdk/pico/pico-sdk/src/rp2_common/hardware_irq/irq.c.obj
 *fill*         0x100068b6        0x2 
 .rodata.runtime_init_mutex.str1.4
                0x100068b8       0x58 CMakeFiles/rp2040-freertos-template.dir/C_/VSARM/sdk/pico/pico-sdk/src/common/pico_sync/mutex.c.obj
 .rodata.str1.4
                0x10006910       0x51 CMakeFiles/rp2040-freertos-template.dir/C_/VSARM/sdk/pico/pico-sdk/src/common/pico_sync/mutex.c.obj
 *fill*         0x10006961        0x3 
 .rodata.__func__.1
                0x10006964        0xb CMakeFiles/rp2040-freertos-template.dir/C_/VSARM/sdk/pico/pico-sdk/src/common/pico_sync/mutex.c.obj
 *fill*         0x1000696f        0x1 
 .rodata.__func__.3
                0x10006970       0x18 CMakeFiles/rp2040-freertos-template.dir/C_/VSARM/sdk/pico/pico-sdk/src/common/pico_sync/mutex.c.obj
 .rodata.__func__.6
                0x10006988       0x13 CMakeFiles/rp2040-freertos-template.dir/C_/VSARM/sdk/pico/pico-sdk/src/common/pico_sync/mutex.c.obj
 *fill*         0x1000699b        0x1 
 .rodata.alarm_pool_irq_handler.str1.4
                0x1000699c       0x63 CMakeFiles/rp2040-freertos-template.dir/C_/VSARM/sdk/pico/pico-sdk/src/common/pico_time/time.c.obj
 *fill*         0x100069ff        0x1 
 .rodata.alarm_pool_get_default.str1.4
                0x10006a00       0x21 CMakeFiles/rp2040-freertos-template.dir/C_/VSARM/sdk/pico/pico-sdk/src/common/pico_time/time.c.obj
 *fill*         0x10006a21        0x3 
 .rodata.sleep_until.str1.4
                0x10006a24       0x4d CMakeFiles/rp2040-freertos-template.dir/C_/VSARM/sdk/pico/pico-sdk/src/common/pico_time/time.c.obj
 *fill*         0x10006a71        0x3 
 .rodata.__func__.1
                0x10006a74       0x17 CMakeFiles/rp2040-freertos-template.dir/C_/VSARM/sdk/pico/pico-sdk/src/common/pico_time/time.c.obj
 *fill*         0x10006a8b        0x1 
 .rodata.__func__.2
                0x10006a8c       0x17 CMakeFiles/rp2040-freertos-template.dir/C_/VSARM/sdk/pico/pico-sdk/src/common/pico_time/time.c.obj
 *fill*         0x10006aa3        0x1 
 .rodata.timer_hardware_alarm_claim.str1.4
                0x10006aa4       0x22 CMakeFiles/rp2040-freertos-template.dir/C_/VSARM/sdk/pico/pico-sdk/src/rp2_common/hardware_timer/timer.c.obj
 *fill*         0x10006ac6        0x2 
 .rodata.pll_init.str1.4
                0x10006ac8      0x114 CMakeFiles/rp2040-freertos-template.dir/C_/VSARM/sdk/pico/pico-sdk/src/rp2_common/hardware_pll/pll.c.obj
 .rodata.__func__.0
                0x10006bdc        0x9 CMakeFiles/rp2040-freertos-template.dir/C_/VSARM/sdk/pico/pico-sdk/src/rp2_common/hardware_pll/pll.c.obj
 *fill*         0x10006be5        0x3 
 .rodata.__aeabi_double_init.str1.4
                0x10006be8       0x93 CMakeFiles/rp2040-freertos-template.dir/C_/VSARM/sdk/pico/pico-sdk/src/rp2_common/pico_double/double_init_rom_rp2040.c.obj
 *fill*         0x10006c7b        0x1 
 .rodata.__func__.0
                0x10006c7c       0x14 CMakeFiles/rp2040-freertos-template.dir/C_/VSARM/sdk/pico/pico-sdk/src/rp2_common/pico_double/double_init_rom_rp2040.c.obj
 .rodata.__aeabi_float_init.str1.4
                0x10006c90       0x81 CMakeFiles/rp2040-freertos-template.dir/C_/VSARM/sdk/pico/pico-sdk/src/rp2_common/pico_float/float_init_rom_rp2040.c.obj
                                 0x85 (size before relaxing)
 *fill*         0x10006d11        0x3 
 .rodata.__func__.0
                0x10006d14       0x13 CMakeFiles/rp2040-freertos-template.dir/C_/VSARM/sdk/pico/pico-sdk/src/rp2_common/pico_float/float_init_rom_rp2040.c.obj
 *fill*         0x10006d27        0x1 
 .rodata.str1.4
                0x10006d28       0x40 CMakeFiles/rp2040-freertos-template.dir/C_/VSARM/sdk/pico/pico-sdk/src/rp2_common/pico_standard_binary_info/standard_binary_info.c.obj
 .rodata.__bi_26
                0x10006d68        0xc CMakeFiles/rp2040-freertos-template.dir/C_/VSARM/sdk/pico/pico-sdk/src/rp2_common/pico_standard_binary_info/standard_binary_info.c.obj
 .rodata.__bi_34
                0x10006d74        0xc CMakeFiles/rp2040-freertos-template.dir/C_/VSARM/sdk/pico/pico-sdk/src/rp2_common/pico_standard_binary_info/standard_binary_info.c.obj
 .rodata.__bi_42
                0x10006d80        0xc CMakeFiles/rp2040-freertos-template.dir/C_/VSARM/sdk/pico/pico-sdk/src/rp2_common/pico_standard_binary_info/standard_binary_info.c.obj
 .rodata.__bi_48
                0x10006d8c        0xc CMakeFiles/rp2040-freertos-template.dir/C_/VSARM/sdk/pico/pico-sdk/src/rp2_common/pico_standard_binary_info/standard_binary_info.c.obj
 .rodata.__bi_54
                0x10006d98        0xc CMakeFiles/rp2040-freertos-template.dir/C_/VSARM/sdk/pico/pico-sdk/src/rp2_common/pico_standard_binary_info/standard_binary_info.c.obj
 .rodata.__bi_84
                0x10006da4        0xc CMakeFiles/rp2040-freertos-template.dir/C_/VSARM/sdk/pico/pico-sdk/src/rp2_common/pico_standard_binary_info/standard_binary_info.c.obj
 .rodata._ftoa.str1.4
                0x10006db0       0x15 CMakeFiles/rp2040-freertos-template.dir/C_/VSARM/sdk/pico/pico-sdk/src/rp2_common/pico_printf/printf.c.obj
 *fill*         0x10006dc5        0x3 
 .rodata._vsnprintf
                0x10006dc8      0x1e0 CMakeFiles/rp2040-freertos-template.dir/C_/VSARM/sdk/pico/pico-sdk/src/rp2_common/pico_printf/printf.c.obj
 .rodata.pow10.0
                0x10006fa8       0x50 CMakeFiles/rp2040-freertos-template.dir/C_/VSARM/sdk/pico/pico-sdk/src/rp2_common/pico_printf/printf.c.obj
 .rodata.__assert_func.str1.4
                0x10006ff8       0x3f CMakeFiles/rp2040-freertos-template.dir/C_/VSARM/sdk/pico/pico-sdk/src/rp2_common/pico_clib_interface/newlib_interface.c.obj
                                 0x43 (size before relaxing)
 *fill*         0x10007037        0x1 
 .rodata.crlf_str.0
                0x10007038        0x2 CMakeFiles/rp2040-freertos-template.dir/C_/VSARM/sdk/pico/pico-sdk/src/rp2_common/pico_stdio/stdio.c.obj
 *fill*         0x1000703a        0x2 
 .rodata.str1.4
                0x1000703c       0x2c CMakeFiles/rp2040-freertos-template.dir/C_/VSARM/sdk/pico/pico-sdk/src/rp2_common/pico_stdio_uart/stdio_uart.c.obj
 .rodata.__bi_45.4
                0x10007068        0xc CMakeFiles/rp2040-freertos-template.dir/C_/VSARM/sdk/pico/pico-sdk/src/rp2_common/pico_stdio_uart/stdio_uart.c.obj
 .rodata.__bi_49.5
                0x10007074        0x8 CMakeFiles/rp2040-freertos-template.dir/C_/VSARM/sdk/pico/pico-sdk/src/rp2_common/pico_stdio_uart/stdio_uart.c.obj
 .rodata.__bi_50.6
                0x1000707c        0x8 CMakeFiles/rp2040-freertos-template.dir/C_/VSARM/sdk/pico/pico-sdk/src/rp2_common/pico_stdio_uart/stdio_uart.c.obj
 .rodata.prvInsertBlockIntoFreeList.str1.4
                0x10007084       0xd0 CMakeFiles/rp2040-freertos-template.dir/__/lib/FreeRTOS-Kernel/portable/MemMang/heap_4.c.obj
 .rodata.pvPortMalloc.str1.4
                0x10007154      0x18d CMakeFiles/rp2040-freertos-template.dir/__/lib/FreeRTOS-Kernel/portable/MemMang/heap_4.c.obj
 *fill*         0x100072e1        0x3 
 .rodata.vPortFree.str1.4
                0x100072e4      0x10f CMakeFiles/rp2040-freertos-template.dir/__/lib/FreeRTOS-Kernel/portable/MemMang/heap_4.c.obj
 *fill*         0x100073f3        0x1 
 .rodata.__func__.0
                0x100073f4       0x1b CMakeFiles/rp2040-freertos-template.dir/__/lib/FreeRTOS-Kernel/portable/MemMang/heap_4.c.obj
 *fill*         0x1000740f        0x1 
 .rodata.__func__.1
                0x10007410        0xa CMakeFiles/rp2040-freertos-template.dir/__/lib/FreeRTOS-Kernel/portable/MemMang/heap_4.c.obj
 *fill*         0x1000741a        0x2 
 .rodata.__func__.2
                0x1000741c        0xd CMakeFiles/rp2040-freertos-template.dir/__/lib/FreeRTOS-Kernel/portable/MemMang/heap_4.c.obj
 *fill*         0x10007429        0x3 
 .rodata.vPortYield.str1.4
                0x1000742c       0x84 CMakeFiles/rp2040-freertos-template.dir/__/lib/FreeRTOS-Kernel/portable/ThirdParty/GCC/RP2040/port.c.obj
 .rodata.vPortExitCritical.str1.4
                0x100074b0       0x12 CMakeFiles/rp2040-freertos-template.dir/__/lib/FreeRTOS-Kernel/portable/ThirdParty/GCC/RP2040/port.c.obj
 *fill*         0x100074c2        0x2 
 .rodata.vPortLockInternalSpinUnlockWithWait.str1.4
                0x100074c4       0x72 CMakeFiles/rp2040-freertos-template.dir/__/lib/FreeRTOS-Kernel/portable/ThirdParty/GCC/RP2040/port.c.obj
 *fill*         0x10007536        0x2 
 .rodata.__func__.0
                0x10007538       0x37 CMakeFiles/rp2040-freertos-template.dir/__/lib/FreeRTOS-Kernel/portable/ThirdParty/GCC/RP2040/port.c.obj
 *fill*         0x1000756f        0x1 
 .rodata.__func__.1
                0x10007570       0x24 CMakeFiles/rp2040-freertos-template.dir/__/lib/FreeRTOS-Kernel/portable/ThirdParty/GCC/RP2040/port.c.obj
 .rodata.__func__.3
                0x10007594       0x12 CMakeFiles/rp2040-freertos-template.dir/__/lib/FreeRTOS-Kernel/portable/ThirdParty/GCC/RP2040/port.c.obj
 *fill*         0x100075a6        0x2 
 .rodata.__func__.4
                0x100075a8        0xb CMakeFiles/rp2040-freertos-template.dir/__/lib/FreeRTOS-Kernel/portable/ThirdParty/GCC/RP2040/port.c.obj
 *fill*         0x100075b3        0x1 
 .rodata.xEventGroupWaitBits.str1.4
                0x100075b4       0xeb CMakeFiles/rp2040-freertos-template.dir/__/lib/FreeRTOS-Kernel/event_groups.c.obj
 *fill*         0x1000769f        0x1 
 .rodata.xEventGroupSetBits.str1.4
                0x100076a0       0x24 CMakeFiles/rp2040-freertos-template.dir/__/lib/FreeRTOS-Kernel/event_groups.c.obj
 .rodata.__func__.1
                0x100076c4       0x13 CMakeFiles/rp2040-freertos-template.dir/__/lib/FreeRTOS-Kernel/event_groups.c.obj
 *fill*         0x100076d7        0x1 
 .rodata.__func__.3
                0x100076d8       0x14 CMakeFiles/rp2040-freertos-template.dir/__/lib/FreeRTOS-Kernel/event_groups.c.obj
 .rodata.prvNotifyQueueSetContainer.str1.4
                0x100076ec       0xc2 CMakeFiles/rp2040-freertos-template.dir/__/lib/FreeRTOS-Kernel/queue.c.obj
 *fill*         0x100077ae        0x2 
 .rodata.xQueueGenericReset.str1.4
                0x100077b0       0x2c CMakeFiles/rp2040-freertos-template.dir/__/lib/FreeRTOS-Kernel/queue.c.obj
 .rodata.xQueueGenericCreate.str1.4
                0x100077dc        0xb CMakeFiles/rp2040-freertos-template.dir/__/lib/FreeRTOS-Kernel/queue.c.obj
 *fill*         0x100077e7        0x1 
 .rodata.xQueueGenericSend.str1.4
                0x100077e8       0xa5 CMakeFiles/rp2040-freertos-template.dir/__/lib/FreeRTOS-Kernel/queue.c.obj
                                 0xfb (size before relaxing)
 *fill*         0x1000788d        0x3 
 .rodata.xQueueReceive.str1.4
                0x10007890       0x66 CMakeFiles/rp2040-freertos-template.dir/__/lib/FreeRTOS-Kernel/queue.c.obj
 *fill*         0x100078f6        0x2 
 .rodata.uxQueueMessagesWaiting.str1.4
                0x100078f8        0x7 CMakeFiles/rp2040-freertos-template.dir/__/lib/FreeRTOS-Kernel/queue.c.obj
 *fill*         0x100078ff        0x1 
 .rodata.__func__.13
                0x10007900        0xe CMakeFiles/rp2040-freertos-template.dir/__/lib/FreeRTOS-Kernel/queue.c.obj
 *fill*         0x1000790e        0x2 
 .rodata.__func__.15
                0x10007910       0x19 CMakeFiles/rp2040-freertos-template.dir/__/lib/FreeRTOS-Kernel/queue.c.obj
 *fill*         0x10007929        0x3 
 .rodata.__func__.16
                0x1000792c       0x1b CMakeFiles/rp2040-freertos-template.dir/__/lib/FreeRTOS-Kernel/queue.c.obj
 *fill*         0x10007947        0x1 
 .rodata.__func__.2
                0x10007948       0x14 CMakeFiles/rp2040-freertos-template.dir/__/lib/FreeRTOS-Kernel/queue.c.obj
 .rodata.__func__.23
                0x1000795c       0x14 CMakeFiles/rp2040-freertos-template.dir/__/lib/FreeRTOS-Kernel/queue.c.obj
 .rodata.__func__.24
                0x10007970       0x13 CMakeFiles/rp2040-freertos-template.dir/__/lib/FreeRTOS-Kernel/queue.c.obj
 *fill*         0x10007983        0x1 
 .rodata.prvTaskIsTaskSuspended.str1.4
                0x10007984       0x4a CMakeFiles/rp2040-freertos-template.dir/__/lib/FreeRTOS-Kernel/tasks.c.obj
 *fill*         0x100079ce        0x2 
 .rodata.prvInitialiseNewTask.str1.4
                0x100079d0       0x10 CMakeFiles/rp2040-freertos-template.dir/__/lib/FreeRTOS-Kernel/tasks.c.obj
 .rodata.prvCreateIdleTasks.str1.4
                0x100079e0        0x5 CMakeFiles/rp2040-freertos-template.dir/__/lib/FreeRTOS-Kernel/tasks.c.obj
 *fill*         0x100079e5        0x3 
 .rodata.vTaskStartScheduler.str1.4
                0x100079e8       0x12 CMakeFiles/rp2040-freertos-template.dir/__/lib/FreeRTOS-Kernel/tasks.c.obj
 *fill*         0x100079fa        0x2 
 .rodata.xTaskIncrementTick.str1.4
                0x100079fc       0x76 CMakeFiles/rp2040-freertos-template.dir/__/lib/FreeRTOS-Kernel/tasks.c.obj
 *fill*         0x10007a72        0x2 
 .rodata.xTaskResumeAll.str1.4
                0x10007a74       0x1b CMakeFiles/rp2040-freertos-template.dir/__/lib/FreeRTOS-Kernel/tasks.c.obj
 *fill*         0x10007a8f        0x1 
 .rodata.xTaskDelayUntil.str1.4
                0x10007a90       0x47 CMakeFiles/rp2040-freertos-template.dir/__/lib/FreeRTOS-Kernel/tasks.c.obj
 *fill*         0x10007ad7        0x1 
 .rodata.vTaskSwitchContext.str1.4
                0x10007ad8        0xe CMakeFiles/rp2040-freertos-template.dir/__/lib/FreeRTOS-Kernel/tasks.c.obj
 *fill*         0x10007ae6        0x2 
 .rodata.vTaskPlaceOnEventList.str1.4
                0x10007ae8        0xc CMakeFiles/rp2040-freertos-template.dir/__/lib/FreeRTOS-Kernel/tasks.c.obj
 .rodata.vTaskPlaceOnUnorderedEventList.str1.4
                0x10007af4       0x2b CMakeFiles/rp2040-freertos-template.dir/__/lib/FreeRTOS-Kernel/tasks.c.obj
 *fill*         0x10007b1f        0x1 
 .rodata.xTaskRemoveFromEventList.str1.4
                0x10007b20        0xf CMakeFiles/rp2040-freertos-template.dir/__/lib/FreeRTOS-Kernel/tasks.c.obj
 *fill*         0x10007b2f        0x1 
 .rodata.vTaskSetTimeOutState.str1.4
                0x10007b30        0xa CMakeFiles/rp2040-freertos-template.dir/__/lib/FreeRTOS-Kernel/tasks.c.obj
 *fill*         0x10007b3a        0x2 
 .rodata.xTaskCheckForTimeOut.str1.4
                0x10007b3c        0xe CMakeFiles/rp2040-freertos-template.dir/__/lib/FreeRTOS-Kernel/tasks.c.obj
 *fill*         0x10007b4a        0x2 
 .rodata.xTaskPriorityDisinherit.str1.4
                0x10007b4c       0x2d CMakeFiles/rp2040-freertos-template.dir/__/lib/FreeRTOS-Kernel/tasks.c.obj
 *fill*         0x10007b79        0x3 
 .rodata.__func__.10
                0x10007b7c       0x15 CMakeFiles/rp2040-freertos-template.dir/__/lib/FreeRTOS-Kernel/tasks.c.obj
 *fill*         0x10007b91        0x3 
 .rodata.__func__.12
                0x10007b94       0x22 CMakeFiles/rp2040-freertos-template.dir/__/lib/FreeRTOS-Kernel/tasks.c.obj
 *fill*         0x10007bb6        0x2 
 .rodata.__func__.13
                0x10007bb8       0x19 CMakeFiles/rp2040-freertos-template.dir/__/lib/FreeRTOS-Kernel/tasks.c.obj
 *fill*         0x10007bd1        0x3 
 .rodata.__func__.14
                0x10007bd4       0x20 CMakeFiles/rp2040-freertos-template.dir/__/lib/FreeRTOS-Kernel/tasks.c.obj
 .rodata.__func__.15
                0x10007bf4       0x1f CMakeFiles/rp2040-freertos-template.dir/__/lib/FreeRTOS-Kernel/tasks.c.obj
 *fill*         0x10007c13        0x1 
 .rodata.__func__.16
                0x10007c14       0x16 CMakeFiles/rp2040-freertos-template.dir/__/lib/FreeRTOS-Kernel/tasks.c.obj
 *fill*         0x10007c2a        0x2 
 .rodata.__func__.17
                0x10007c2c       0x13 CMakeFiles/rp2040-freertos-template.dir/__/lib/FreeRTOS-Kernel/tasks.c.obj
 *fill*         0x10007c3f        0x1 
 .rodata.__func__.18
                0x10007c40       0x13 CMakeFiles/rp2040-freertos-template.dir/__/lib/FreeRTOS-Kernel/tasks.c.obj
 *fill*         0x10007c53        0x1 
 .rodata.__func__.24
                0x10007c54        0xf CMakeFiles/rp2040-freertos-template.dir/__/lib/FreeRTOS-Kernel/tasks.c.obj
 *fill*         0x10007c63        0x1 
 .rodata.__func__.25
                0x10007c64       0x14 CMakeFiles/rp2040-freertos-template.dir/__/lib/FreeRTOS-Kernel/tasks.c.obj
 .rodata.__func__.32
                0x10007c78        0xb CMakeFiles/rp2040-freertos-template.dir/__/lib/FreeRTOS-Kernel/tasks.c.obj
 *fill*         0x10007c83        0x1 
 .rodata.__func__.35
                0x10007c84       0x15 CMakeFiles/rp2040-freertos-template.dir/__/lib/FreeRTOS-Kernel/tasks.c.obj
 *fill*         0x10007c99        0x3 
 .rodata.__func__.8
                0x10007c9c       0x18 CMakeFiles/rp2040-freertos-template.dir/__/lib/FreeRTOS-Kernel/tasks.c.obj
 .rodata.prvProcessReceivedCommands.str1.4
                0x10007cb4       0x6b CMakeFiles/rp2040-freertos-template.dir/__/lib/FreeRTOS-Kernel/timers.c.obj
 *fill*         0x10007d1f        0x1 
 .rodata.prvProcessReceivedCommands
                0x10007d20       0x28 CMakeFiles/rp2040-freertos-template.dir/__/lib/FreeRTOS-Kernel/timers.c.obj
 .rodata.prvCheckForValidListAndQueue.str1.4
                0x10007d48        0x5 CMakeFiles/rp2040-freertos-template.dir/__/lib/FreeRTOS-Kernel/timers.c.obj
 *fill*         0x10007d4d        0x3 
 .rodata.xTimerCreateTimerTask.str1.4
                0x10007d50       0x10 CMakeFiles/rp2040-freertos-template.dir/__/lib/FreeRTOS-Kernel/timers.c.obj
 .rodata.__func__.13
                0x10007d60       0x1b CMakeFiles/rp2040-freertos-template.dir/__/lib/FreeRTOS-Kernel/timers.c.obj
 *fill*         0x10007d7b        0x1 
 .rodata.__func__.15
                0x10007d7c       0x16 CMakeFiles/rp2040-freertos-template.dir/__/lib/FreeRTOS-Kernel/timers.c.obj
 *fill*         0x10007d92        0x2 
 .rodata.exception_set_exclusive_handler.str1.4
                0x10007d94       0x8d CMakeFiles/rp2040-freertos-template.dir/C_/VSARM/sdk/pico/pico-sdk/src/rp2_common/hardware_exception/exception.c.obj
 *fill*         0x10007e21        0x3 
 .rodata.__func__.1
                0x10007e24       0x20 CMakeFiles/rp2040-freertos-template.dir/C_/VSARM/sdk/pico/pico-sdk/src/rp2_common/hardware_exception/exception.c.obj
                0x10007e44                . = ALIGN (0x4)
 *(SORT_BY_ALIGNMENT(SORT_BY_NAME(.flashdata*)))
                0x10007e44                . = ALIGN (0x4)

.ARM.extab
 *(.ARM.extab* .gnu.linkonce.armextab.*)
                0x10007e44                __exidx_start = .

.ARM.exidx
 *(.ARM.exidx* .gnu.linkonce.armexidx.*)
                0x10007e44                __exidx_end = .
                0x10007e44                . = ALIGN (0x4)
                0x10007e44                __binary_info_start = .

.binary_info    0x10007e44       0x24
 *(.binary_info.keep.*)
 .binary_info.keep.__bi_ptr26
                0x10007e44        0x4 CMakeFiles/rp2040-freertos-template.dir/C_/VSARM/sdk/pico/pico-sdk/src/rp2_common/pico_standard_binary_info/standard_binary_info.c.obj
 .binary_info.keep.__bi_ptr34
                0x10007e48        0x4 CMakeFiles/rp2040-freertos-template.dir/C_/VSARM/sdk/pico/pico-sdk/src/rp2_common/pico_standard_binary_info/standard_binary_info.c.obj
 .binary_info.keep.__bi_ptr42
                0x10007e4c        0x4 CMakeFiles/rp2040-freertos-template.dir/C_/VSARM/sdk/pico/pico-sdk/src/rp2_common/pico_standard_binary_info/standard_binary_info.c.obj
 .binary_info.keep.__bi_ptr48
                0x10007e50        0x4 CMakeFiles/rp2040-freertos-template.dir/C_/VSARM/sdk/pico/pico-sdk/src/rp2_common/pico_standard_binary_info/standard_binary_info.c.obj
 .binary_info.keep.__bi_ptr54
                0x10007e54        0x4 CMakeFiles/rp2040-freertos-template.dir/C_/VSARM/sdk/pico/pico-sdk/src/rp2_common/pico_standard_binary_info/standard_binary_info.c.obj
 .binary_info.keep.__bi_ptr84
                0x10007e58        0x4 CMakeFiles/rp2040-freertos-template.dir/C_/VSARM/sdk/pico/pico-sdk/src/rp2_common/pico_standard_binary_info/standard_binary_info.c.obj
 *(.binary_info.*)
 .binary_info.__bi_ptr45
                0x10007e5c        0x4 CMakeFiles/rp2040-freertos-template.dir/C_/VSARM/sdk/pico/pico-sdk/src/rp2_common/pico_stdio_uart/stdio_uart.c.obj
 .binary_info.__bi_ptr49
                0x10007e60        0x4 CMakeFiles/rp2040-freertos-template.dir/C_/VSARM/sdk/pico/pico-sdk/src/rp2_common/pico_stdio_uart/stdio_uart.c.obj
 .binary_info.__bi_ptr50
                0x10007e64        0x4 CMakeFiles/rp2040-freertos-template.dir/C_/VSARM/sdk/pico/pico-sdk/src/rp2_common/pico_stdio_uart/stdio_uart.c.obj
                0x10007e68                __binary_info_end = .

.rel.dyn        0x10007e68        0x0
 .rel.iplt      0x10007e68        0x0 c:/vsarm/armcc/102021~1.10/bin/../lib/gcc/arm-none-eabi/10.3.1/thumb/v6-m/nofp/crtbegin.o
                0x10007e68                . = ALIGN (0x4)

.ram_vector_table
                0x20000000       0xc0
 *(.ram_vector_table)
 .ram_vector_table
                0x20000000       0xc0 CMakeFiles/rp2040-freertos-template.dir/C_/VSARM/sdk/pico/pico-sdk/src/rp2_common/pico_runtime_init/runtime_init.c.obj
                0x20000000                ram_vector_table

.uninitialized_data
                0x200000c0        0x0
                0x200000c0                . = ALIGN (0x4)
 *(.uninitialized_data*)

.data           0x200000c0      0x230 load address 0x10007e68
                0x200000c0                __data_start__ = .
 *(vtable)
 *(.time_critical*)
 .time_critical.mutex_try_enter
                0x200000c0       0x42 CMakeFiles/rp2040-freertos-template.dir/C_/VSARM/sdk/pico/pico-sdk/src/common/pico_sync/mutex.c.obj
                0x200000c0                mutex_try_enter
 *fill*         0x20000102        0x2 
 .time_critical.mutex_enter_block_until
                0x20000104       0x78 CMakeFiles/rp2040-freertos-template.dir/C_/VSARM/sdk/pico/pico-sdk/src/common/pico_sync/mutex.c.obj
                0x20000104                mutex_enter_block_until
 .time_critical.mutex_try_enter_block_until
                0x2000017c       0x32 CMakeFiles/rp2040-freertos-template.dir/C_/VSARM/sdk/pico/pico-sdk/src/common/pico_sync/mutex.c.obj
                0x2000017c                mutex_try_enter_block_until
 *fill*         0x200001ae        0x2 
 .time_critical.mutex_exit
                0x200001b0       0x40 CMakeFiles/rp2040-freertos-template.dir/C_/VSARM/sdk/pico/pico-sdk/src/common/pico_sync/mutex.c.obj
                0x200001b0                mutex_exit
 *(.text*)
 .text          0x200001f0        0x4 c:/vsarm/armcc/102021~1.10/bin/../lib/gcc/arm-none-eabi/10.3.1/thumb/v6-m/nofp\libgcc.a(_dvmd_tls.o)
                0x200001f0                __aeabi_idiv0
                0x200001f0                __aeabi_ldiv0
 *fill*         0x200001f4        0x4 
 .text.__stub   0x200001f8       0x40 linker stubs
                0x20000238                . = ALIGN (0x4)
 *(.rodata*)
                0x20000238                . = ALIGN (0x4)
 *(.data*)
 .data.striped_spin_lock_num
                0x20000238        0x1 CMakeFiles/rp2040-freertos-template.dir/C_/VSARM/sdk/pico/pico-sdk/src/rp2_common/hardware_sync/sync.c.obj
 *fill*         0x20000239        0x3 
 .data          0x2000023c       0x48 CMakeFiles/rp2040-freertos-template.dir/C_/VSARM/sdk/pico/pico-sdk/src/rp2_common/hardware_irq/irq_handler_chain.S.obj
                0x2000023c                irq_handler_chain_slots
                0x2000026c                irq_handler_chain_first_slot
                0x20000276                irq_handler_chain_remove_tail
 .data.default_alarm_pool
                0x20000284       0x18 CMakeFiles/rp2040-freertos-template.dir/C_/VSARM/sdk/pico/pico-sdk/src/common/pico_time/time.c.obj
 *fill*         0x2000029c        0x4 
 .data.aeabi_bits_funcs
                0x200002a0       0x10 CMakeFiles/rp2040-freertos-template.dir/C_/VSARM/sdk/pico/pico-sdk/src/rp2_common/pico_bit_ops/bit_ops_aeabi.S.obj
                0x200002a0                aeabi_bits_funcs